Archive member included to satisfy reference by file (symbol)

/Applications/MCUXpressoIDE_24.12.148/ide/plugins/com.nxp.mcuxpresso.tools.macosx_24.12.0.202407110909/tools/bin/../lib/gcc/arm-none-eabi/13.2.1/../../../../arm-none-eabi/lib/thumb/v8-m.main/nofp/libcr_nohost_nf.a(_cr__main.o)
                              ./startup/startup_mcxa153.o (__main)
/Applications/MCUXpressoIDE_24.12.148/ide/plugins/com.nxp.mcuxpresso.tools.macosx_24.12.0.202407110909/tools/bin/../lib/gcc/arm-none-eabi/13.2.1/../../../../arm-none-eabi/lib/thumb/v8-m.main/nofp/libcr_c.a(memcpy.o)
                              ./utilities/str/fsl_str.o (memcpy)
/Applications/MCUXpressoIDE_24.12.148/ide/plugins/com.nxp.mcuxpresso.tools.macosx_24.12.0.202407110909/tools/bin/../lib/gcc/arm-none-eabi/13.2.1/../../../../arm-none-eabi/lib/thumb/v8-m.main/nofp/libcr_c.a(memset.o)
                              ./utilities/debug_console/fsl_debug_console.o (memset)
/Applications/MCUXpressoIDE_24.12.148/ide/plugins/com.nxp.mcuxpresso.tools.macosx_24.12.0.202407110909/tools/bin/../lib/gcc/arm-none-eabi/13.2.1/../../../../arm-none-eabi/lib/thumb/v8-m.main/nofp/libcr_c.a(alloc.o)
                              ./drivers/fsl_common.o (malloc)
/Applications/MCUXpressoIDE_24.12.148/ide/plugins/com.nxp.mcuxpresso.tools.macosx_24.12.0.202407110909/tools/bin/../lib/gcc/arm-none-eabi/13.2.1/../../../../arm-none-eabi/lib/thumb/v8-m.main/nofp/libcr_c.a(errno.o)
                              ./utilities/str/fsl_str.o (errno)
/Applications/MCUXpressoIDE_24.12.148/ide/plugins/com.nxp.mcuxpresso.tools.macosx_24.12.0.202407110909/tools/bin/../lib/gcc/arm-none-eabi/13.2.1/../../../../arm-none-eabi/lib/thumb/v8-m.main/nofp/libcr_c.a(initio.o)
                              /Applications/MCUXpressoIDE_24.12.148/ide/plugins/com.nxp.mcuxpresso.tools.macosx_24.12.0.202407110909/tools/bin/../lib/gcc/arm-none-eabi/13.2.1/../../../../arm-none-eabi/lib/thumb/v8-m.main/nofp/libcr_nohost_nf.a(_cr__main.o) (_initio)
/Applications/MCUXpressoIDE_24.12.148/ide/plugins/com.nxp.mcuxpresso.tools.macosx_24.12.0.202407110909/tools/bin/../lib/gcc/arm-none-eabi/13.2.1/../../../../arm-none-eabi/lib/thumb/v8-m.main/nofp/libcr_c.a(scanf.o)
                              ./utilities/str/fsl_str.o (strtoul)
/Applications/MCUXpressoIDE_24.12.148/ide/plugins/com.nxp.mcuxpresso.tools.macosx_24.12.0.202407110909/tools/bin/../lib/gcc/arm-none-eabi/13.2.1/../../../../arm-none-eabi/lib/thumb/v8-m.main/nofp/libcr_c.a(setvbuf.o)
                              /Applications/MCUXpressoIDE_24.12.148/ide/plugins/com.nxp.mcuxpresso.tools.macosx_24.12.0.202407110909/tools/bin/../lib/gcc/arm-none-eabi/13.2.1/../../../../arm-none-eabi/lib/thumb/v8-m.main/nofp/libcr_c.a(initio.o) (setvbuf)
/Applications/MCUXpressoIDE_24.12.148/ide/plugins/com.nxp.mcuxpresso.tools.macosx_24.12.0.202407110909/tools/bin/../lib/gcc/arm-none-eabi/13.2.1/../../../../arm-none-eabi/lib/thumb/v8-m.main/nofp/libcr_c.a(strlen.o)
                              ./utilities/str/fsl_str.o (strlen)
/Applications/MCUXpressoIDE_24.12.148/ide/plugins/com.nxp.mcuxpresso.tools.macosx_24.12.0.202407110909/tools/bin/../lib/gcc/arm-none-eabi/13.2.1/../../../../arm-none-eabi/lib/thumb/v8-m.main/nofp/libcr_c.a(ungetc.o)
                              /Applications/MCUXpressoIDE_24.12.148/ide/plugins/com.nxp.mcuxpresso.tools.macosx_24.12.0.202407110909/tools/bin/../lib/gcc/arm-none-eabi/13.2.1/../../../../arm-none-eabi/lib/thumb/v8-m.main/nofp/libcr_c.a(scanf.o) (ungetc)
/Applications/MCUXpressoIDE_24.12.148/ide/plugins/com.nxp.mcuxpresso.tools.macosx_24.12.0.202407110909/tools/bin/../lib/gcc/arm-none-eabi/13.2.1/../../../../arm-none-eabi/lib/thumb/v8-m.main/nofp/libcr_c.a(__fillbuf.o)
                              /Applications/MCUXpressoIDE_24.12.148/ide/plugins/com.nxp.mcuxpresso.tools.macosx_24.12.0.202407110909/tools/bin/../lib/gcc/arm-none-eabi/13.2.1/../../../../arm-none-eabi/lib/thumb/v8-m.main/nofp/libcr_c.a(scanf.o) (__filbuf)
/Applications/MCUXpressoIDE_24.12.148/ide/plugins/com.nxp.mcuxpresso.tools.macosx_24.12.0.202407110909/tools/bin/../lib/gcc/arm-none-eabi/13.2.1/../../../../arm-none-eabi/lib/thumb/v8-m.main/nofp/libcr_c.a(__init_alloc.o)
                              /Applications/MCUXpressoIDE_24.12.148/ide/plugins/com.nxp.mcuxpresso.tools.macosx_24.12.0.202407110909/tools/bin/../lib/gcc/arm-none-eabi/13.2.1/../../../../arm-none-eabi/lib/thumb/v8-m.main/nofp/libcr_c.a(alloc.o) (__heaps)
/Applications/MCUXpressoIDE_24.12.148/ide/plugins/com.nxp.mcuxpresso.tools.macosx_24.12.0.202407110909/tools/bin/../lib/gcc/arm-none-eabi/13.2.1/../../../../arm-none-eabi/lib/thumb/v8-m.main/nofp/libcr_c.a(_cr_sbrk.o)
                              /Applications/MCUXpressoIDE_24.12.148/ide/plugins/com.nxp.mcuxpresso.tools.macosx_24.12.0.202407110909/tools/bin/../lib/gcc/arm-none-eabi/13.2.1/../../../../arm-none-eabi/lib/thumb/v8-m.main/nofp/libcr_c.a(alloc.o) (_sbrk)
[...]
Memory Configuration

Name             Origin             Length             Attributes
PROGRAM_FLASH    0x00000000         0x00020000         xr
SRAM             0x20000000         0x00006000         xrw
SRAMX0           0x04000000         0x00002000         xrw
SRAMX1           0x04002000         0x00001000         xrw
*default*        0x00000000         0xffffffff

Linker script and memory map

LOAD ./utilities/str/fsl_str.o
LOAD ./utilities/debug_console/fsl_debug_console.o
LOAD ./utilities/fsl_assert.o
LOAD ./startup/startup_mcxa153.o
LOAD ./source/IchigoJam_MCX.o
LOAD ./source/semihost_hardfault.o
LOAD ./drivers/fsl_clock.o
LOAD ./drivers/fsl_common.o
LOAD ./drivers/fsl_common_arm.o
LOAD ./drivers/fsl_ctimer.o
LOAD ./drivers/fsl_gpio.o
LOAD ./drivers/fsl_lpuart.o
LOAD ./drivers/fsl_reset.o
LOAD ./drivers/fsl_spc.o
LOAD ./device/system_MCXA153.o
LOAD ./component/uart/fsl_adapter_lpuart.o
LOAD ./component/timer_manager/fsl_component_timer_manager.o
LOAD ./component/timer/fsl_adapter_ctimer.o
LOAD ./component/serial_manager/fsl_component_serial_manager.o
LOAD ./component/serial_manager/fsl_component_serial_port_uart.o
LOAD ./component/lists/fsl_component_generic_list.o
LOAD ./component/led/fsl_component_led.o
LOAD ./component/gpio/fsl_adapter_gpio.o
LOAD ./board/board.o
LOAD ./board/clock_config.o
LOAD ./board/peripherals.o
LOAD ./board/pin_mux.o
LOAD ./IchigoJam_BASIC/main.o
START GROUP
LOAD /Applications/MCUXpressoIDE_24.12.148/ide/plugins/com.nxp.mcuxpresso.tools.macosx_24.12.0.202407110909/tools/bin/../lib/gcc/arm-none-eabi/13.2.1/../../../../arm-none-eabi/lib/thumb/v8-m.main/nofp/libcr_nohost_nf.a
LOAD /Applications/MCUXpressoIDE_24.12.148/ide/plugins/com.nxp.mcuxpresso.tools.macosx_24.12.0.202407110909/tools/bin/../lib/gcc/arm-none-eabi/13.2.1/../../../../arm-none-eabi/lib/thumb/v8-m.main/nofp/libcr_c.a
LOAD /Applications/MCUXpressoIDE_24.12.148/ide/plugins/com.nxp.mcuxpresso.tools.macosx_24.12.0.202407110909/tools/bin/../lib/gcc/arm-none-eabi/13.2.1/thumb/v8-m.main/nofp/libcr_eabihelpers.a
LOAD /Applications/MCUXpressoIDE_24.12.148/ide/plugins/com.nxp.mcuxpresso.tools.macosx_24.12.0.202407110909/tools/bin/../lib/gcc/arm-none-eabi/13.2.1/thumb/v8-m.main/nofp/libgcc.a
END GROUP
                0x00000000                        __base_PROGRAM_FLASH = 0x0
                0x00000000                        __base_Flash = 0x0
                0x00020000                        __top_PROGRAM_FLASH = 0x20000
                0x00020000                        __top_Flash = 0x20000
                0x20000000                        __base_SRAM = 0x20000000
                0x20000000                        __base_RAM = 0x20000000
                0x20006000                        __top_SRAM = 0x20006000
                0x20006000                        __top_RAM = 0x20006000
                0x04000000                        __base_SRAMX0 = 0x4000000
                0x04000000                        __base_RAM2 = 0x4000000
                0x04002000                        __top_SRAMX0 = 0x4002000
                0x04002000                        __top_RAM2 = 0x4002000
                0x04002000                        __base_SRAMX1 = 0x4002000
                0x04002000                        __base_RAM3 = 0x4002000
                0x04003000                        __top_SRAMX1 = 0x4003000
                0x04003000                        __top_RAM3 = 0x4003000

.text           0x00000000     0x8f14
 FILL mask 0xff
                0x00000000                        __vectors_start__ = ABSOLUTE (.)
 *(SORT_BY_ALIGNMENT(.isr_vector))
 .isr_vector    0x00000000      0x16c ./startup/startup_mcxa153.o
                0x00000000                __Vectors
                0x00000000                g_pfnVectors
                0x0000016c                        . = ALIGN (0x4)
                0x0000016c                        __section_table_start = .
                0x0000016c                        __data_section_table = .
                0x0000016c        0x4 LONG 0x8f14 LOADADDR (.data)
                0x00000170        0x4 LONG 0x20000000 ADDR (.data)
                0x00000174        0x4 LONG 0x808 SIZEOF (.data)
                0x00000178        0x4 LONG 0x8f14 LOADADDR (.data_RAM2)
                0x0000017c        0x4 LONG 0x4000000 ADDR (.data_RAM2)
                0x00000180        0x4 LONG 0x0 SIZEOF (.data_RAM2)
                0x00000184        0x4 LONG 0x8f14 LOADADDR (.data_RAM3)
                0x00000188        0x4 LONG 0x4002000 ADDR (.data_RAM3)
                0x0000018c        0x4 LONG 0x0 SIZEOF (.data_RAM3)
                0x00000190                        __data_section_table_end = .
                0x00000190                        __bss_section_table = .
                0x00000190        0x4 LONG 0x20000808 ADDR (.bss)
                0x00000194        0x4 LONG 0xc8c SIZEOF (.bss)
                0x00000198        0x4 LONG 0x4000000 ADDR (.bss_RAM2)
                0x0000019c        0x4 LONG 0x0 SIZEOF (.bss_RAM2)
                0x000001a0        0x4 LONG 0x4002000 ADDR (.bss_RAM3)
                0x000001a4        0x4 LONG 0x0 SIZEOF (.bss_RAM3)
                0x000001a8                        __bss_section_table_end = .
                0x000001a8                        __section_table_end = .
 *(SORT_BY_ALIGNMENT(.after_vectors*))
 .after_vectors.reset
                0x000001a8       0x68 ./startup/startup_mcxa153.o
                0x000001a8                ResetISR
 .after_vectors.init_data
                0x00000210       0x1c ./startup/startup_mcxa153.o
                0x00000210                data_init
 .after_vectors.init_bss
                0x0000022c       0x12 ./startup/startup_mcxa153.o
                0x0000022c                bss_init
 .after_vectors
                0x0000023e       0x16 ./startup/startup_mcxa153.o
                0x0000023e                NMI_Handler
                0x00000242                MemManage_Handler
                0x00000244                BusFault_Handler
                0x00000246                UsageFault_Handler
                0x00000248                SecureFault_Handler
                0x0000024a                SVC_Handler
                0x0000024c                DebugMon_Handler
                0x0000024e                PendSV_Handler
                0x00000250                SysTick_Handler
                0x00000252                FLEXPWM0_SUBMODULE1_DriverIRQHandler
                0x00000252                LPI2C0_DriverIRQHandler
                0x00000252                FLEXPWM0_RELOAD_ERROR_DriverIRQHandler
                0x00000252                QDC0_HOME_DriverIRQHandler
                0x00000252                Reserved82_DriverIRQHandler
                0x00000252                QDC0_WATCHDOG_DriverIRQHandler
                0x00000252                ERM0_MULTI_BIT_DriverIRQHandler
                0x00000252                Reserved36_DriverIRQHandler
                0x00000252                CMP1_DriverIRQHandler
                0x00000252                IntDefaultHandler
                0x00000252                USB0_DriverIRQHandler
                0x00000252                QDC0_INDEX_DriverIRQHandler
                0x00000252                UTICK0_DriverIRQHandler
                0x00000252                Reserved41_DriverIRQHandler
                0x00000252                FLEXPWM0_SUBMODULE2_DriverIRQHandler
                0x00000252                WWDT0_DriverIRQHandler
                0x00000252                Reserved84_DriverIRQHandler
                0x00000252                FLEXPWM0_FAULT_DriverIRQHandler
                0x00000252                GPIO0_DriverIRQHandler
                0x00000252                Reserved38_DriverIRQHandler
                0x00000252                FREQME0_DriverIRQHandler
                0x00000252                Reserved22_DriverIRQHandler
                0x00000252                Reserved53_DriverIRQHandler
                0x00000252                Reserved35_DriverIRQHandler
                0x00000252                Reserved79_DriverIRQHandler
                0x00000252                Reserved24_DriverIRQHandler
                0x00000252                QDC0_COMPARE_DriverIRQHandler
                0x00000252                LPSPI0_DriverIRQHandler
                0x00000252                DMA_CH3_DriverIRQHandler
                0x00000252                Reserved83_DriverIRQHandler
                0x00000252                Reserved72_DriverIRQHandler
                0x00000252                Reserved23_DriverIRQHandler
                0x00000252                Reserved65_DriverIRQHandler
                0x00000252                ERM0_SINGLE_BIT_DriverIRQHandler
                0x00000252                DMA_CH2_DriverIRQHandler
                0x00000252                Reserved51_DriverIRQHandler
                0x00000252                Reserved25_DriverIRQHandler
                0x00000252                FMU0_DriverIRQHandler
                0x00000252                LPSPI1_DriverIRQHandler
                0x00000252                Reserved77_DriverIRQHandler
                0x00000252                Reserved16_DriverIRQHandler
                0x00000252                GPIO2_DriverIRQHandler
                0x00000252                Reserved85_DriverIRQHandler
                0x00000252                ADC0_DriverIRQHandler
                0x00000252                CMP0_DriverIRQHandler
                0x00000252                CDOG0_DriverIRQHandler
                0x00000252                Reserved59_DriverIRQHandler
                0x00000252                DMA_CH0_DriverIRQHandler
                0x00000252                Reserved58_DriverIRQHandler
                0x00000252                DMA_CH1_DriverIRQHandler
                0x00000252                SPC0_DriverIRQHandler
                0x00000252                Reserved43_DriverIRQHandler
                0x00000252                Reserved46_DriverIRQHandler
                0x00000252                Reserved37_DriverIRQHandler
                0x00000252                Reserved86_DriverIRQHandler
                0x00000252                GPIO1_DriverIRQHandler
                0x00000252                FLEXPWM0_SUBMODULE0_DriverIRQHandler
                0x00000252                Reserved50_DriverIRQHandler
                0x00000252                OS_EVENT_DriverIRQHandler
                0x00000252                SCG0_DriverIRQHandler
                0x00000252                GLIKEY0_DriverIRQHandler
                0x00000252                GPIO3_DriverIRQHandler
                0x00000252                CMC_DriverIRQHandler
                0x00000252                WUU0_DriverIRQHandler
                0x00000252                Reserved33_DriverIRQHandler
                0x00000252                I3C0_DriverIRQHandler
                0x00000252                Reserved39_DriverIRQHandler
                0x00000252                WAKETIMER0_DriverIRQHandler
                0x00000252                MBC0_DriverIRQHandler
                0x00000252                LPTMR0_DriverIRQHandler
 *(SORT_BY_ALIGNMENT(.text*))
 .text.DbgConsole_ReadOneCharacter
                0x00000254       0x44 ./utilities/debug_console/fsl_debug_console.o
                0x00000254                DbgConsole_ReadOneCharacter
 .text.DbgConsole_SendDataReliable
                0x00000298       0x54 ./utilities/debug_console/fsl_debug_console.o
                0x00000298                DbgConsole_SendDataReliable
 .text.DbgConsole_ReadCharacter
                0x000002ec       0x44 ./utilities/debug_console/fsl_debug_console.o
                0x000002ec                DbgConsole_ReadCharacter
 .text.DbgConsole_Init
                0x00000330      0x138 ./utilities/debug_console/fsl_debug_console.o
                0x00000330                DbgConsole_Init
 .text.DbgConsole_Vprintf
                0x00000468       0x68 ./utilities/debug_console/fsl_debug_console.o
                0x00000468                DbgConsole_Vprintf
 .text.__assertion_failed
                0x000004d0       0x2c ./utilities/fsl_assert.o
                0x000004d0                __assertion_failed
 .text.main     0x000004fc       0x2c ./source/IchigoJam_MCX.o
                0x000004fc                main
 .text.CLOCK_SetClockSelect
                0x00000528       0x94 ./drivers/fsl_clock.o
                0x00000528                CLOCK_SetClockSelect
 .text.CLOCK_SetClockDiv
                0x000005bc       0x7c ./drivers/fsl_clock.o
                0x000005bc                CLOCK_SetClockDiv
 .text.CTIMER_GenericIRQHandler
                0x00000638       0xb4 ./drivers/fsl_ctimer.o
 .text.CLOCK_EnableClock
                0x000006ec       0x88 ./drivers/fsl_gpio.o
 .text.CLOCK_DisableClock
                0x00000774       0x98 ./drivers/fsl_gpio.o
 .text.GPIO_GetInstance
                0x0000080c       0x4c ./drivers/fsl_gpio.o
 .text.GPIO_PortClockEnable
                0x00000858       0x48 ./drivers/fsl_gpio.o
 .text.GPIO_PinInit
                0x000008a0       0x6c ./drivers/fsl_gpio.o
                0x000008a0                GPIO_PinInit
 .text.CLOCK_EnableClock
                0x0000090c       0x88 ./drivers/fsl_lpuart.o
 .text.LPUART_GetInstance
                0x00000994       0x4c ./drivers/fsl_lpuart.o
                0x00000994                LPUART_GetInstance
 .text.LPUART_Init
                0x000009e0      0x324 ./drivers/fsl_lpuart.o
                0x000009e0                LPUART_Init
 .text.LPUART_GetDefaultConfig
                0x00000d04       0x88 ./drivers/fsl_lpuart.o
                0x00000d04                LPUART_GetDefaultConfig
 .text.LPUART_GetStatusFlags
                0x00000d8c       0x38 ./drivers/fsl_lpuart.o
                0x00000d8c                LPUART_GetStatusFlags
 .text.LPUART_ClearStatusFlags
                0x00000dc4       0x7c ./drivers/fsl_lpuart.o
                0x00000dc4                LPUART_ClearStatusFlags
 .text.LPUART_WriteBlocking
                0x00000e40       0x68 ./drivers/fsl_lpuart.o
                0x00000e40                LPUART_WriteBlocking
 .text.LPUART_ReadBlocking
                0x00000ea8      0x160 ./drivers/fsl_lpuart.o
                0x00000ea8                LPUART_ReadBlocking
 .text.LPUART0_DriverIRQHandler
                0x00001008       0x24 ./drivers/fsl_lpuart.o
                0x00001008                LPUART0_DriverIRQHandler
 .text.LPUART1_DriverIRQHandler
                0x0000102c       0x24 ./drivers/fsl_lpuart.o
                0x0000102c                LPUART1_DriverIRQHandler
 .text.LPUART2_DriverIRQHandler
                0x00001050       0x24 ./drivers/fsl_lpuart.o
                0x00001050                LPUART2_DriverIRQHandler
 .text.RESET_SetPeripheralReset
                0x00001074       0xb4 ./drivers/fsl_reset.o
                0x00001074                RESET_SetPeripheralReset
 .text.RESET_ClearPeripheralReset
                0x00001128       0x98 ./drivers/fsl_reset.o
                0x00001128                RESET_ClearPeripheralReset
 .text.SystemInit
                0x000011c0      0x120 ./device/system_MCXA153.o
                0x000011c0                SystemInit
 .text.HAL_UartInitCommon
                0x000012e0       0xe0 ./component/uart/fsl_adapter_lpuart.o
 .text.HAL_UartInit
                0x000013c0       0x84 ./component/uart/fsl_adapter_lpuart.o
                0x000013c0                HAL_UartInit
 .text.HAL_UartReceiveBlocking
                0x00001444       0x6c ./component/uart/fsl_adapter_lpuart.o
                0x00001444                HAL_UartReceiveBlocking
 .text.HAL_UartSendBlocking
                0x000014b0       0x64 ./component/uart/fsl_adapter_lpuart.o
                0x000014b0                HAL_UartSendBlocking
 .text.HAL_GpioInterruptHandle
                0x00001514       0xe4 ./component/gpio/fsl_adapter_gpio.o
 .text.BOARD_InitDebugConsole
                0x000015f8       0x30 ./board/board.o
                0x000015f8                BOARD_InitDebugConsole
 .text.CLOCK_EnableClock
                0x00001628       0x88 ./board/pin_mux.o
 .text.PORT_SetPinConfig
                0x000016b0       0x38 ./board/pin_mux.o
 .text.BOARD_InitPins
                0x000016e8       0xd4 ./board/pin_mux.o
                0x000016e8                BOARD_InitPins
 .text.video_tick
                0x000017bc       0x40 ./IchigoJam_BASIC/main.o
 .text.video_clt
                0x000017fc       0x20 ./IchigoJam_BASIC/main.o
 .text.screen_clp
                0x0000181c       0x20 ./IchigoJam_BASIC/main.o
 .text.screen_clear
                0x0000183c       0x58 ./IchigoJam_BASIC/main.o
 .text.screen_scroll
                0x00001894      0x280 ./IchigoJam_BASIC/main.o
 .text.screen_enter
                0x00001b14       0x58 ./IchigoJam_BASIC/main.o
 .text.screen_gets
                0x00001b6c       0x88 ./IchigoJam_BASIC/main.o
 .text.screen_get
                0x00001bf4       0x58 ./IchigoJam_BASIC/main.o
 .text.screen_getCurrent
                0x00001c4c       0x24 ./IchigoJam_BASIC/main.o
 .text.screen_locate
                0x00001c70       0x9c ./IchigoJam_BASIC/main.o
 .text.insertLine
                0x00001d0c       0x94 ./IchigoJam_BASIC/main.o
 .text.screen_putc
                0x00001da0      0xb04 ./IchigoJam_BASIC/main.o
 .text.screen_pset
                0x000028a4      0x110 ./IchigoJam_BASIC/main.o
 .text.put_num  0x000029b4       0x90 ./IchigoJam_BASIC/main.o
                0x000029b4                put_num
 .text.put_strmem
                0x00002a44       0x64 ./IchigoJam_BASIC/main.o
 .text.list_getNumber
                0x00002aa8       0x24 ./IchigoJam_BASIC/main.o
 .text.list_getLength
                0x00002acc       0x24 ./IchigoJam_BASIC/main.o
 .text.list_setNumber
                0x00002af0       0x28 ./IchigoJam_BASIC/main.o
 .text.list_setLength
                0x00002b18       0x34 ./IchigoJam_BASIC/main.o
                0x00002b18                list_setLength
 .text.list_setPC
                0x00002b4c       0x28 ./IchigoJam_BASIC/main.o
 .text.extension_parse
                0x00002b74       0x60 ./IchigoJam_BASIC/main.o
                0x00002b74                extension_parse
 .text.extension_command
                0x00002bd4       0xdc ./IchigoJam_BASIC/main.o
                0x00002bd4                extension_command
 .text.basic_clearVars
                0x00002cb0       0x18 ./IchigoJam_BASIC/main.o
 .text.basic_init
                0x00002cc8       0x38 ./IchigoJam_BASIC/main.o
 .text.basic_execute
                0x00002d00      0x47c ./IchigoJam_BASIC/main.o
 .text.command_edit
                0x0000317c      0x1e4 ./IchigoJam_BASIC/main.o
 .text.basic_printError
                0x00003360      0x104 ./IchigoJam_BASIC/main.o
                0x00003360                basic_printError
 .text.command_error
                0x00003464       0x34 ./IchigoJam_BASIC/main.o
 .text.token_getChar
                0x00003498       0x44 ./IchigoJam_BASIC/main.o
 .text.token_get
                0x000034dc      0x350 ./IchigoJam_BASIC/main.o
 .text.token_back
                0x0000382c       0x1c ./IchigoJam_BASIC/main.o
 .text.token_getArrayIndex
                0x00003848       0x5c ./IchigoJam_BASIC/main.o
 .text.token_puts
                0x000038a4       0x48 ./IchigoJam_BASIC/main.o
 .text.token_skipstr
                0x000038ec       0x50 ./IchigoJam_BASIC/main.o
 .text.token_expression
                0x0000393c       0x88 ./IchigoJam_BASIC/main.o
 .text.token_expression1
                0x000039c4       0x70 ./IchigoJam_BASIC/main.o
 .text.token_expression2
                0x00003a34      0x110 ./IchigoJam_BASIC/main.o
 .text.token_expression3
                0x00003b44       0x84 ./IchigoJam_BASIC/main.o
 .text.token_expression4
                0x00003bc8      0x140 ./IchigoJam_BASIC/main.o
 .text.token_paren1
                0x00003d08       0x40 ./IchigoJam_BASIC/main.o
 .text.token_opt1
                0x00003d48       0x50 ./IchigoJam_BASIC/main.o
 .text.token_expression5
                0x00003d98      0x784 ./IchigoJam_BASIC/main.o
 .text.command_rem
                0x0000451c       0x28 ./IchigoJam_BASIC/main.o
 .text.command_let
                0x00004544       0xf0 ./IchigoJam_BASIC/main.o
 .text.command_let2
                0x00004634       0x3c ./IchigoJam_BASIC/main.o
 .text.command_if
                0x00004670       0x98 ./IchigoJam_BASIC/main.o
 .text.command_for
                0x00004708      0x120 ./IchigoJam_BASIC/main.o
 .text.command_next
                0x00004828      0x1bc ./IchigoJam_BASIC/main.o
 .text.command_goto
                0x000049e4       0x48 ./IchigoJam_BASIC/main.o
 .text.command_gosub
                0x00004a2c       0x78 ./IchigoJam_BASIC/main.o
 .text.command_return
                0x00004aa4       0x44 ./IchigoJam_BASIC/main.o
 .text.command_cont
                0x00004ae8       0xb4 ./IchigoJam_BASIC/main.o
 .text.command_print
                0x00004b9c      0x3f0 ./IchigoJam_BASIC/main.o
 .text.token_option1
                0x00004f8c       0x54 ./IchigoJam_BASIC/main.o
 .text.command_input
                0x00004fe0       0xf0 ./IchigoJam_BASIC/main.o
 .text.command_new
                0x000050d0       0x44 ./IchigoJam_BASIC/main.o
 .text.command_list
                0x00005114      0x188 ./IchigoJam_BASIC/main.o
 .text.command_renum2
                0x0000529c      0x1ac ./IchigoJam_BASIC/main.o
 .text.command_run
                0x00005448       0x48 ./IchigoJam_BASIC/main.o
 .text.command_end
                0x00005490       0x24 ./IchigoJam_BASIC/main.o
 .text.command_load
                0x000054b4      0x1ac ./IchigoJam_BASIC/main.o
 .text.command_save
                0x00005660       0xa8 ./IchigoJam_BASIC/main.o
 .text.command_files
                0x00005708      0x174 ./IchigoJam_BASIC/main.o
 .text.command_led
                0x0000587c       0x30 ./IchigoJam_BASIC/main.o
 .text.command_out
                0x000058ac       0x68 ./IchigoJam_BASIC/main.o
 .text.command_pwm
                0x00005914       0x60 ./IchigoJam_BASIC/main.o
 .text.command_locate
                0x00005974       0xb0 ./IchigoJam_BASIC/main.o
 .text.command_play
                0x00005a24       0x5c ./IchigoJam_BASIC/main.o
 .text.command_beep
                0x00005a80       0x80 ./IchigoJam_BASIC/main.o
 .text.command_tempo
                0x00005b00       0x30 ./IchigoJam_BASIC/main.o
 .text.command_video
                0x00005b30       0x8c ./IchigoJam_BASIC/main.o
 .text.command_scroll
                0x00005bbc       0x30 ./IchigoJam_BASIC/main.o
 .text.command_poke
                0x00005bec       0xa4 ./IchigoJam_BASIC/main.o
 .text.command_copy
                0x00005c90      0x108 ./IchigoJam_BASIC/main.o
 .text.command_help
                0x00005d98       0x18 ./IchigoJam_BASIC/main.o
 .text.command_srnd
                0x00005db0       0x30 ./IchigoJam_BASIC/main.o
 .text.command_at
                0x00005de0       0x30 ./IchigoJam_BASIC/main.o
 .text.command_lcd
                0x00005e10       0x84 ./IchigoJam_BASIC/main.o
 .text.command_ok
                0x00005e94       0x70 ./IchigoJam_BASIC/main.o
 .text.sin360   0x00005f04       0x78 ./IchigoJam_BASIC/main.o
                0x00005f04                sin360
 .text.command_draw
                0x00005f7c       0xac ./IchigoJam_BASIC/main.o
 .text.psg_playMML
                0x00006028       0x50 ./IchigoJam_BASIC/main.o
 .text.psg_beep
                0x00006078       0x60 ./IchigoJam_BASIC/main.o
 .text.psg_tempo
                0x000060d8       0x20 ./IchigoJam_BASIC/main.o
 .text.psg_sound
                0x000060f8       0x28 ./IchigoJam_BASIC/main.o
 .text.video_on
                0x00006120       0x1c ./IchigoJam_BASIC/main.o
 .text.key_getKey
                0x0000613c       0x2c ./IchigoJam_BASIC/main.o
                0x0000613c                key_getKey
 .text.key_clearKey
                0x00006168       0x18 ./IchigoJam_BASIC/main.o
 .text.uart_init
                0x00006180       0x18 ./IchigoJam_BASIC/main.o
 .text.put_chr  0x00006198       0x30 ./IchigoJam_BASIC/main.o
 .text.stopExecute
                0x000061c8       0x18 ./IchigoJam_BASIC/main.o
 .text.io_init  0x000061e0       0x24 ./IchigoJam_BASIC/main.o
                0x000061e0                io_init
 .text.IJB_led  0x00006204       0x30 ./IchigoJam_BASIC/main.o
 .text.rnd      0x00006234       0x58 ./IchigoJam_BASIC/main.o
 .text.random_seed
                0x0000628c       0x3c ./IchigoJam_BASIC/main.o
 .text.random_init
                0x000062c8       0x14 ./IchigoJam_BASIC/main.o
 .text.IJB_usr  0x000062dc       0x74 ./IchigoJam_BASIC/main.o
 .text.IJB_peek
                0x00006350       0x4c ./IchigoJam_BASIC/main.o
 .text.IJB_poke
                0x0000639c       0x3c ./IchigoJam_BASIC/main.o
 .text.IJB_input
                0x000063d8      0x108 ./IchigoJam_BASIC/main.o
 .text.exec     0x000064e0       0xa0 ./IchigoJam_BASIC/main.o
 .text.ichigojam_main
                0x00006580       0x98 ./IchigoJam_BASIC/main.o
                0x00006580                ichigojam_main
 .text.main_loop
                0x00006618      0x160 ./IchigoJam_BASIC/main.o
                0x00006618                main_loop
 .text._initio  0x00006778       0x78 /Applications/MCUXpressoIDE_24.12.148/ide/plugins/com.nxp.mcuxpresso.tools.macosx_24.12.0.202407110909/tools/bin/../lib/gcc/arm-none-eabi/13.2.1/../../../../arm-none-eabi/lib/thumb/v8-m.main/nofp/libcr_c.a(initio.o)
                0x00006778                _initio
 .text._Cwritebuf
                0x000067f0       0x6c /Applications/MCUXpressoIDE_24.12.148/ide/plugins/com.nxp.mcuxpresso.tools.macosx_24.12.0.202407110909/tools/bin/../lib/gcc/arm-none-eabi/13.2.1/../../../../arm-none-eabi/lib/thumb/v8-m.main/nofp/libcr_c.a(_writebuf.o)
                0x000067f0                _Cwritebuf
 .text.fflush   0x0000685c       0x3c /Applications/MCUXpressoIDE_24.12.148/ide/plugins/com.nxp.mcuxpresso.tools.macosx_24.12.0.202407110909/tools/bin/../lib/gcc/arm-none-eabi/13.2.1/../../../../arm-none-eabi/lib/thumb/v8-m.main/nofp/libcr_c.a(fflush.o)
                0x0000685c                fflush
 .text.fseek    0x00006898       0xf8 /Applications/MCUXpressoIDE_24.12.148/ide/plugins/com.nxp.mcuxpresso.tools.macosx_24.12.0.202407110909/tools/bin/../lib/gcc/arm-none-eabi/13.2.1/../../../../arm-none-eabi/lib/thumb/v8-m.main/nofp/libcr_c.a(fseek.o)
                0x00006898                fseek
 .text.ftell    0x00006990       0x44 /Applications/MCUXpressoIDE_24.12.148/ide/plugins/com.nxp.mcuxpresso.tools.macosx_24.12.0.202407110909/tools/bin/../lib/gcc/arm-none-eabi/13.2.1/../../../../arm-none-eabi/lib/thumb/v8-m.main/nofp/libcr_c.a(ftell.o)
                0x00006990                ftell
 .text.PrintGetWidth
                0x000069d4       0x68 ./utilities/str/fsl_str.o
 .text.PrintGetPrecision
                0x00006a3c       0x8a ./utilities/str/fsl_str.o
 .text.PrintIsobpu
                0x00006ac6       0x36 ./utilities/str/fsl_str.o
 .text.PrintIsdi
                0x00006afc       0x2a ./utilities/str/fsl_str.o
 .text.PrintOutputdifFobpu
                0x00006b26       0x44 ./utilities/str/fsl_str.o
 .text.PrintOutputxX
                0x00006b6a       0x44 ./utilities/str/fsl_str.o
 .text.PrintIsfF
                0x00006bae       0x2a ./utilities/str/fsl_str.o
 .text.PrintIsxX
                0x00006bd8       0x2a ./utilities/str/fsl_str.o
 .text.PrintFilterLengthFlag
                0x00006c02       0x3c ./utilities/str/fsl_str.o
 .text.PrintGetRadixFromobpu
                0x00006c3e       0x3e ./utilities/str/fsl_str.o
 .text.ConvertRadixNumToString
                0x00006c7c       0xc0 ./utilities/str/fsl_str.o
 .text.StrFormatExaminedi
                0x00006d3c       0x24 ./utilities/str/fsl_str.o
 .text.StrFormatExaminexX
                0x00006d60       0x24 ./utilities/str/fsl_str.o
 .text.StrFormatExamineobpu
                0x00006d84       0x24 ./utilities/str/fsl_str.o
 .text.ConvertPrecisionWidthToLength
                0x00006da8       0x20 ./utilities/str/fsl_str.o
 .text.StrFormatPrintf
                0x00006dc8      0x2bc ./utilities/str/fsl_str.o
                0x00006dc8                StrFormatPrintf
 .text.DbgConsole_PrintCallback
                0x00007084       0x66 ./utilities/debug_console/fsl_debug_console.o
 .text.DbgConsole_Printf
                0x000070ea       0x2c ./utilities/debug_console/fsl_debug_console.o
                0x000070ea                DbgConsole_Printf
 .text.DbgConsole_Putchar
                0x00007116       0x1c ./utilities/debug_console/fsl_debug_console.o
                0x00007116                DbgConsole_Putchar
 .text.DbgConsole_Getchar
                0x00007132       0x2c ./utilities/debug_console/fsl_debug_console.o
                0x00007132                DbgConsole_Getchar
 .text.fsl_assert_hook
                0x0000715e       0x18 ./utilities/fsl_assert.o
                0x0000715e                fsl_assert_hook
 .text.Reserved16_IRQHandler
                0x00007176        0x8 ./startup/startup_mcxa153.o
                0x00007176                Reserved16_IRQHandler
 .text.CMC_IRQHandler
                0x0000717e        0x8 ./startup/startup_mcxa153.o
                0x0000717e                CMC_IRQHandler
 .text.DMA_CH0_IRQHandler
                0x00007186        0x8 ./startup/startup_mcxa153.o
                0x00007186                DMA_CH0_IRQHandler
 .text.DMA_CH1_IRQHandler
                0x0000718e        0x8 ./startup/startup_mcxa153.o
                0x0000718e                DMA_CH1_IRQHandler
 .text.DMA_CH2_IRQHandler
                0x00007196        0x8 ./startup/startup_mcxa153.o
                0x00007196                DMA_CH2_IRQHandler
 .text.DMA_CH3_IRQHandler
                0x0000719e        0x8 ./startup/startup_mcxa153.o
                0x0000719e                DMA_CH3_IRQHandler
 .text.Reserved22_IRQHandler
                0x000071a6        0x8 ./startup/startup_mcxa153.o
                0x000071a6                Reserved22_IRQHandler
 .text.Reserved23_IRQHandler
                0x000071ae        0x8 ./startup/startup_mcxa153.o
                0x000071ae                Reserved23_IRQHandler
 .text.Reserved24_IRQHandler
                0x000071b6        0x8 ./startup/startup_mcxa153.o
                0x000071b6                Reserved24_IRQHandler
 .text.Reserved25_IRQHandler
                0x000071be        0x8 ./startup/startup_mcxa153.o
                0x000071be                Reserved25_IRQHandler
 .text.ERM0_SINGLE_BIT_IRQHandler
                0x000071c6        0x8 ./startup/startup_mcxa153.o
                0x000071c6                ERM0_SINGLE_BIT_IRQHandler
 .text.ERM0_MULTI_BIT_IRQHandler
                0x000071ce        0x8 ./startup/startup_mcxa153.o
                0x000071ce                ERM0_MULTI_BIT_IRQHandler
 .text.FMU0_IRQHandler
                0x000071d6        0x8 ./startup/startup_mcxa153.o
                0x000071d6                FMU0_IRQHandler
 .text.GLIKEY0_IRQHandler
                0x000071de        0x8 ./startup/startup_mcxa153.o
                0x000071de                GLIKEY0_IRQHandler
 .text.MBC0_IRQHandler
                0x000071e6        0x8 ./startup/startup_mcxa153.o
                0x000071e6                MBC0_IRQHandler
 .text.SCG0_IRQHandler
                0x000071ee        0x8 ./startup/startup_mcxa153.o
                0x000071ee                SCG0_IRQHandler
 .text.SPC0_IRQHandler
                0x000071f6        0x8 ./startup/startup_mcxa153.o
                0x000071f6                SPC0_IRQHandler
 .text.Reserved33_IRQHandler
                0x000071fe        0x8 ./startup/startup_mcxa153.o
                0x000071fe                Reserved33_IRQHandler
 .text.WUU0_IRQHandler
                0x00007206        0x8 ./startup/startup_mcxa153.o
                0x00007206                WUU0_IRQHandler
 .text.Reserved35_IRQHandler
                0x0000720e        0x8 ./startup/startup_mcxa153.o
                0x0000720e                Reserved35_IRQHandler
 .text.Reserved36_IRQHandler
                0x00007216        0x8 ./startup/startup_mcxa153.o
                0x00007216                Reserved36_IRQHandler
 .text.Reserved37_IRQHandler
                0x0000721e        0x8 ./startup/startup_mcxa153.o
                0x0000721e                Reserved37_IRQHandler
 .text.Reserved38_IRQHandler
                0x00007226        0x8 ./startup/startup_mcxa153.o
                0x00007226                Reserved38_IRQHandler
 .text.Reserved39_IRQHandler
                0x0000722e        0x8 ./startup/startup_mcxa153.o
                0x0000722e                Reserved39_IRQHandler
 .text.I3C0_IRQHandler
                0x00007236        0x8 ./startup/startup_mcxa153.o
                0x00007236                I3C0_IRQHandler
 .text.Reserved41_IRQHandler
                0x0000723e        0x8 ./startup/startup_mcxa153.o
                0x0000723e                Reserved41_IRQHandler
 .text.LPI2C0_IRQHandler
                0x00007246        0x8 ./startup/startup_mcxa153.o
                0x00007246                LPI2C0_IRQHandler
 .text.Reserved43_IRQHandler
                0x0000724e        0x8 ./startup/startup_mcxa153.o
                0x0000724e                Reserved43_IRQHandler
 .text.LPSPI0_IRQHandler
                0x00007256        0x8 ./startup/startup_mcxa153.o
                0x00007256                LPSPI0_IRQHandler
 .text.LPSPI1_IRQHandler
                0x0000725e        0x8 ./startup/startup_mcxa153.o
                0x0000725e                LPSPI1_IRQHandler
 .text.Reserved46_IRQHandler
                0x00007266        0x8 ./startup/startup_mcxa153.o
                0x00007266                Reserved46_IRQHandler
 .text.LPUART0_IRQHandler
                0x0000726e        0x8 ./startup/startup_mcxa153.o
                0x0000726e                LPUART0_IRQHandler
 .text.LPUART1_IRQHandler
                0x00007276        0x8 ./startup/startup_mcxa153.o
                0x00007276                LPUART1_IRQHandler
 .text.LPUART2_IRQHandler
                0x0000727e        0x8 ./startup/startup_mcxa153.o
                0x0000727e                LPUART2_IRQHandler
 .text.Reserved50_IRQHandler
                0x00007286        0x8 ./startup/startup_mcxa153.o
                0x00007286                Reserved50_IRQHandler
 .text.Reserved51_IRQHandler
                0x0000728e        0x8 ./startup/startup_mcxa153.o
                0x0000728e                Reserved51_IRQHandler
 .text.USB0_IRQHandler
                0x00007296        0x8 ./startup/startup_mcxa153.o
                0x00007296                USB0_IRQHandler
 .text.Reserved53_IRQHandler
                0x0000729e        0x8 ./startup/startup_mcxa153.o
                0x0000729e                Reserved53_IRQHandler
 .text.CDOG0_IRQHandler
                0x000072a6        0x8 ./startup/startup_mcxa153.o
                0x000072a6                CDOG0_IRQHandler
 .text.CTIMER0_IRQHandler
                0x000072ae        0x8 ./startup/startup_mcxa153.o
                0x000072ae                CTIMER0_IRQHandler
 .text.CTIMER1_IRQHandler
                0x000072b6        0x8 ./startup/startup_mcxa153.o
                0x000072b6                CTIMER1_IRQHandler
 .text.CTIMER2_IRQHandler
                0x000072be        0x8 ./startup/startup_mcxa153.o
                0x000072be                CTIMER2_IRQHandler
 .text.Reserved58_IRQHandler
                0x000072c6        0x8 ./startup/startup_mcxa153.o
                0x000072c6                Reserved58_IRQHandler
 .text.Reserved59_IRQHandler
                0x000072ce        0x8 ./startup/startup_mcxa153.o
                0x000072ce                Reserved59_IRQHandler
 .text.FLEXPWM0_RELOAD_ERROR_IRQHandler
                0x000072d6        0x8 ./startup/startup_mcxa153.o
                0x000072d6                FLEXPWM0_RELOAD_ERROR_IRQHandler
 .text.FLEXPWM0_FAULT_IRQHandler
                0x000072de        0x8 ./startup/startup_mcxa153.o
                0x000072de                FLEXPWM0_FAULT_IRQHandler
 .text.FLEXPWM0_SUBMODULE0_IRQHandler
                0x000072e6        0x8 ./startup/startup_mcxa153.o
                0x000072e6                FLEXPWM0_SUBMODULE0_IRQHandler
 .text.FLEXPWM0_SUBMODULE1_IRQHandler
                0x000072ee        0x8 ./startup/startup_mcxa153.o
                0x000072ee                FLEXPWM0_SUBMODULE1_IRQHandler
 .text.FLEXPWM0_SUBMODULE2_IRQHandler
                0x000072f6        0x8 ./startup/startup_mcxa153.o
                0x000072f6                FLEXPWM0_SUBMODULE2_IRQHandler
 .text.Reserved65_IRQHandler
                0x000072fe        0x8 ./startup/startup_mcxa153.o
                0x000072fe                Reserved65_IRQHandler
 .text.QDC0_COMPARE_IRQHandler
                0x00007306        0x8 ./startup/startup_mcxa153.o
                0x00007306                QDC0_COMPARE_IRQHandler
 .text.QDC0_HOME_IRQHandler
                0x0000730e        0x8 ./startup/startup_mcxa153.o
                0x0000730e                QDC0_HOME_IRQHandler
 .text.QDC0_WATCHDOG_IRQHandler
                0x00007316        0x8 ./startup/startup_mcxa153.o
                0x00007316                QDC0_WATCHDOG_IRQHandler
 .text.QDC0_INDEX_IRQHandler
                0x0000731e        0x8 ./startup/startup_mcxa153.o
                0x0000731e                QDC0_INDEX_IRQHandler
 .text.FREQME0_IRQHandler
                0x00007326        0x8 ./startup/startup_mcxa153.o
                0x00007326                FREQME0_IRQHandler
 .text.LPTMR0_IRQHandler
                0x0000732e        0x8 ./startup/startup_mcxa153.o
                0x0000732e                LPTMR0_IRQHandler
 .text.Reserved72_IRQHandler
                0x00007336        0x8 ./startup/startup_mcxa153.o
                0x00007336                Reserved72_IRQHandler
 .text.OS_EVENT_IRQHandler
                0x0000733e        0x8 ./startup/startup_mcxa153.o
                0x0000733e                OS_EVENT_IRQHandler
 .text.WAKETIMER0_IRQHandler
                0x00007346        0x8 ./startup/startup_mcxa153.o
                0x00007346                WAKETIMER0_IRQHandler
 .text.UTICK0_IRQHandler
                0x0000734e        0x8 ./startup/startup_mcxa153.o
                0x0000734e                UTICK0_IRQHandler
 .text.WWDT0_IRQHandler
                0x00007356        0x8 ./startup/startup_mcxa153.o
                0x00007356                WWDT0_IRQHandler
 .text.Reserved77_IRQHandler
                0x0000735e        0x8 ./startup/startup_mcxa153.o
                0x0000735e                Reserved77_IRQHandler
 .text.ADC0_IRQHandler
                0x00007366        0x8 ./startup/startup_mcxa153.o
                0x00007366                ADC0_IRQHandler
 .text.Reserved79_IRQHandler
                0x0000736e        0x8 ./startup/startup_mcxa153.o
                0x0000736e                Reserved79_IRQHandler
 .text.CMP0_IRQHandler
                0x00007376        0x8 ./startup/startup_mcxa153.o
                0x00007376                CMP0_IRQHandler
 .text.CMP1_IRQHandler
                0x0000737e        0x8 ./startup/startup_mcxa153.o
                0x0000737e                CMP1_IRQHandler
 .text.Reserved82_IRQHandler
                0x00007386        0x8 ./startup/startup_mcxa153.o
                0x00007386                Reserved82_IRQHandler
 .text.Reserved83_IRQHandler
                0x0000738e        0x8 ./startup/startup_mcxa153.o
                0x0000738e                Reserved83_IRQHandler
 .text.Reserved84_IRQHandler
                0x00007396        0x8 ./startup/startup_mcxa153.o
                0x00007396                Reserved84_IRQHandler
 .text.Reserved85_IRQHandler
                0x0000739e        0x8 ./startup/startup_mcxa153.o
                0x0000739e                Reserved85_IRQHandler
 .text.Reserved86_IRQHandler
                0x000073a6        0x8 ./startup/startup_mcxa153.o
                0x000073a6                Reserved86_IRQHandler
 .text._putchar
                0x000073ae       0x16 ./source/IchigoJam_MCX.o
                0x000073ae                _putchar
 .text._getchar
                0x000073c4        0xe ./source/IchigoJam_MCX.o
                0x000073c4                _getchar
 .text.CLOCK_AttachClk
                0x000073d2       0x30 ./drivers/fsl_clock.o
                0x000073d2                CLOCK_AttachClk
 .text.CTIMER_GetStatusFlags
                0x00007402       0x16 ./drivers/fsl_ctimer.o
 .text.CTIMER_ClearStatusFlags
                0x00007418       0x1a ./drivers/fsl_ctimer.o
 .text.CTIMER0_DriverIRQHandler
                0x00007432        0xe ./drivers/fsl_ctimer.o
                0x00007432                CTIMER0_DriverIRQHandler
 .text.CTIMER1_DriverIRQHandler
                0x00007440        0xe ./drivers/fsl_ctimer.o
                0x00007440                CTIMER1_DriverIRQHandler
 .text.CTIMER2_DriverIRQHandler
                0x0000744e        0xe ./drivers/fsl_ctimer.o
                0x0000744e                CTIMER2_DriverIRQHandler
 .text.GPIO_PinWrite
                0x0000745c       0x34 ./drivers/fsl_gpio.o
 .text.GPIO_GpioGetInterruptFlags
                0x00007490       0x18 ./drivers/fsl_gpio.o
                0x00007490                GPIO_GpioGetInterruptFlags
 .text.GPIO_GpioClearInterruptFlags
                0x000074a8       0x1c ./drivers/fsl_gpio.o
                0x000074a8                GPIO_GpioClearInterruptFlags
 .text.RESET_ReleasePeripheralReset
                0x000074c4       0x1a ./drivers/fsl_lpuart.o
 .text.LPUART_SoftwareReset
                0x000074de       0x2a ./drivers/fsl_lpuart.o
 .text.RESET_PeripheralReset
                0x00007508       0x22 ./drivers/fsl_reset.o
                0x00007508                RESET_PeripheralReset
 .text.SystemInitHook
                0x0000752a        0xc ./device/system_MCXA153.o
                0x0000752a                SystemInitHook
 .text.HAL_UartGetStatus
                0x00007536       0x26 ./component/uart/fsl_adapter_lpuart.o
 .text.DisableGlobalIRQ
                0x0000755c       0x20 ./component/serial_manager/fsl_component_serial_manager.o
 .text.EnableGlobalIRQ
                0x0000757c       0x1e ./component/serial_manager/fsl_component_serial_manager.o
 .text.SerialManager_StartWriting
                0x0000759a       0x38 ./component/serial_manager/fsl_component_serial_manager.o
 .text.SerialManager_StartReading
                0x000075d2       0x38 ./component/serial_manager/fsl_component_serial_manager.o
 .text.SerialManager_Write
                0x0000760a       0x44 ./component/serial_manager/fsl_component_serial_manager.o
 .text.SerialManager_Read
                0x0000764e       0x44 ./component/serial_manager/fsl_component_serial_manager.o
 .text.SerialManager_Init
                0x00007692       0x60 ./component/serial_manager/fsl_component_serial_manager.o
                0x00007692                SerialManager_Init
 .text.SerialManager_OpenWriteHandle
                0x000076f2       0x50 ./component/serial_manager/fsl_component_serial_manager.o
                0x000076f2                SerialManager_OpenWriteHandle
 .text.SerialManager_OpenReadHandle
                0x00007742       0x60 ./component/serial_manager/fsl_component_serial_manager.o
                0x00007742                SerialManager_OpenReadHandle
 .text.SerialManager_WriteBlocking
                0x000077a2       0x20 ./component/serial_manager/fsl_component_serial_manager.o
                0x000077a2                SerialManager_WriteBlocking
 .text.SerialManager_ReadBlocking
                0x000077c2       0x20 ./component/serial_manager/fsl_component_serial_manager.o
                0x000077c2                SerialManager_ReadBlocking
 .text.Serial_UartInit
                0x000077e2       0x3e ./component/serial_manager/fsl_component_serial_port_uart.o
                0x000077e2                Serial_UartInit
 .text.Serial_UartWrite
                0x00007820       0x38 ./component/serial_manager/fsl_component_serial_port_uart.o
                0x00007820                Serial_UartWrite
 .text.Serial_UartRead
                0x00007858       0x38 ./component/serial_manager/fsl_component_serial_port_uart.o
                0x00007858                Serial_UartRead
 .text.GPIO0_IRQHandler
                0x00007890        0xe ./component/gpio/fsl_adapter_gpio.o
                0x00007890                GPIO0_IRQHandler
 .text.GPIO1_IRQHandler
                0x0000789e        0xe ./component/gpio/fsl_adapter_gpio.o
                0x0000789e                GPIO1_IRQHandler
 .text.GPIO2_IRQHandler
                0x000078ac        0xe ./component/gpio/fsl_adapter_gpio.o
                0x000078ac                GPIO2_IRQHandler
 .text.GPIO3_IRQHandler
                0x000078ba        0xe ./component/gpio/fsl_adapter_gpio.o
                0x000078ba                GPIO3_IRQHandler
 .text.BOARD_InitBootClocks
                0x000078c8        0xc ./board/clock_config.o
                0x000078c8                BOARD_InitBootClocks
 .text.BOARD_InitBootPeripherals
                0x000078d4        0xc ./board/peripherals.o
                0x000078d4                BOARD_InitBootPeripherals
 .text.RESET_ReleasePeripheralReset
                0x000078e0       0x1a ./board/pin_mux.o
 .text.BOARD_InitBootPins
                0x000078fa        0xc ./board/pin_mux.o
                0x000078fa                BOARD_InitBootPins
 .text.memclear
                0x00007906       0x32 ./IchigoJam_BASIC/main.o
 .text.calcDiv  0x00007938       0x4e ./IchigoJam_BASIC/main.o
 .text.calcMod  0x00007986       0x28 ./IchigoJam_BASIC/main.o
 .text.video_initTV
                0x000079ae       0x10 ./IchigoJam_BASIC/main.o
 .text.video_init
                0x000079be       0x10 ./IchigoJam_BASIC/main.o
 .text.screen_line
                0x000079ce      0x170 ./IchigoJam_BASIC/main.o
 .text.basic_toupper
                0x00007b3e       0x2c ./IchigoJam_BASIC/main.o
 .text.strlen8  0x00007b6a       0x2c ./IchigoJam_BASIC/main.o
                0x00007b6a                strlen8
 .text.getBeam  0x00007b96       0x4a ./IchigoJam_BASIC/main.o
 .text.put_str  0x00007be0       0x2a ./IchigoJam_BASIC/main.o
 .text.list_find
                0x00007c0a       0x4e ./IchigoJam_BASIC/main.o
 .text.list_findGoto
                0x00007c58       0x40 ./IchigoJam_BASIC/main.o
 .text.extension_init
                0x00007c98        0xc ./IchigoJam_BASIC/main.o
                0x00007c98                extension_init
 .text.token_end
                0x00007ca4       0x30 ./IchigoJam_BASIC/main.o
 .text.list_findIndex
                0x00007cd4       0x58 ./IchigoJam_BASIC/main.o
 .text.command_renum
                0x00007d2c       0xc0 ./IchigoJam_BASIC/main.o
 .text.command_clo
                0x00007dec       0x10 ./IchigoJam_BASIC/main.o
 .text.command_wait
                0x00007dfc       0x2a ./IchigoJam_BASIC/main.o
 .text.command_cls
                0x00007e26       0x10 ./IchigoJam_BASIC/main.o
 .text.command_clt
                0x00007e36       0x16 ./IchigoJam_BASIC/main.o
 .text.command_clv
                0x00007e4c       0x10 ./IchigoJam_BASIC/main.o
 .text.command_sleep
                0x00007e5c       0x10 ./IchigoJam_BASIC/main.o
 .text.command_reset
                0x00007e6c        0xc ./IchigoJam_BASIC/main.o
 .text.command_bps
                0x00007e78       0x26 ./IchigoJam_BASIC/main.o
 .text.command_clp
                0x00007e9e       0x10 ./IchigoJam_BASIC/main.o
 .text.command_clk
                0x00007eae       0x10 ./IchigoJam_BASIC/main.o
 .text.command_uart
                0x00007ebe       0x30 ./IchigoJam_BASIC/main.o
 .text.command_ws_out
                0x00007eee       0x2a ./IchigoJam_BASIC/main.o
 .text.getSleepFlag
                0x00007f18        0xe ./IchigoJam_BASIC/main.o
                0x00007f18                getSleepFlag
 .text.system_init
                0x00007f26        0xc ./IchigoJam_BASIC/main.o
                0x00007f26                system_init
 .text.IJB_sleep
                0x00007f32        0xc ./IchigoJam_BASIC/main.o
 .text.IJB_reset
                0x00007f3e        0xc ./IchigoJam_BASIC/main.o
 .text.IJB_wait
                0x00007f4a       0x3a ./IchigoJam_BASIC/main.o
 .text.video_off
                0x00007f84       0x12 ./IchigoJam_BASIC/main.o
 .text.IJB_lcd  0x00007f96       0x12 ./IchigoJam_BASIC/main.o
 .text.video_waitSync
                0x00007fa8       0x12 ./IchigoJam_BASIC/main.o
 .text.key_getKeyboardID
                0x00007fba        0xe ./IchigoJam_BASIC/main.o
 .text.key_init
                0x00007fc8        0xc ./IchigoJam_BASIC/main.o
 .text.key_send_reset
                0x00007fd4        0xc ./IchigoJam_BASIC/main.o
 .text.key_enable
                0x00007fe0       0x14 ./IchigoJam_BASIC/main.o
 .text.IJB_uart
                0x00007ff4       0x1a ./IchigoJam_BASIC/main.o
 .text.uart_putc
                0x0000800e       0x1a ./IchigoJam_BASIC/main.o
 .text.uart_bps
                0x00008028       0x12 ./IchigoJam_BASIC/main.o
                0x00008028                uart_bps
 .text.GPIO_PinWrite
                0x0000803a       0x34 ./IchigoJam_BASIC/main.o
 .text.GPIO_PortSet
                0x0000806e       0x1a ./IchigoJam_BASIC/main.o
 .text.GPIO_PortClear
                0x00008088       0x1a ./IchigoJam_BASIC/main.o
 .text.i2c0_init
                0x000080a2        0xe ./IchigoJam_BASIC/main.o
 .text.IJB_pwm  0x000080b0       0x16 ./IchigoJam_BASIC/main.o
                0x000080b0                IJB_pwm
 .text.io_get   0x000080c6        0xe ./IchigoJam_BASIC/main.o
 .text.IJB_in   0x000080d4        0xe ./IchigoJam_BASIC/main.o
                0x000080d4                IJB_in
 .text.IJB_out  0x000080e2       0x14 ./IchigoJam_BASIC/main.o
                0x000080e2                IJB_out
 .text.IJB_btn  0x000080f6       0x14 ./IchigoJam_BASIC/main.o
                0x000080f6                IJB_btn
 .text.IJB_ana  0x0000810a       0x14 ./IchigoJam_BASIC/main.o
 .text.IJB_clo  0x0000811e        0xc ./IchigoJam_BASIC/main.o
 .text.IJB_i2c  0x0000812a       0x18 ./IchigoJam_BASIC/main.o
 .text.flash_init
                0x00008142        0xc ./IchigoJam_BASIC/main.o
                0x00008142                flash_init
 .text.IJB_file
                0x0000814e        0xe ./IchigoJam_BASIC/main.o
 .text.IJB_save
                0x0000815c       0x18 ./IchigoJam_BASIC/main.o
 .text.IJB_load
                0x00008174       0x1c ./IchigoJam_BASIC/main.o
 .text.sound_init
                0x00008190        0xc ./IchigoJam_BASIC/main.o
 .text.sound_switch
                0x0000819c       0x12 ./IchigoJam_BASIC/main.o
 .text.ws_out   0x000081ae       0x16 ./IchigoJam_BASIC/main.o
 .text.IJB_random
                0x000081c4       0x30 ./IchigoJam_BASIC/main.o
                0x000081c4                IJB_random
 .text.IJB_random_seed
                0x000081f4       0x16 ./IchigoJam_BASIC/main.o
 .text.IJB_bps  0x0000820a       0x18 ./IchigoJam_BASIC/main.o
 .text.init     0x00008222       0x30 ./IchigoJam_BASIC/main.o
 .text.HardFault_Handler
                0x00008252        0xc ./IchigoJam_BASIC/main.o
                0x00008252                HardFault_Handler
 .text.__main   0x0000825e        0xe /Applications/MCUXpressoIDE_24.12.148/ide/plugins/com.nxp.mcuxpresso.tools.macosx_24.12.0.202407110909/tools/bin/../lib/gcc/arm-none-eabi/13.2.1/../../../../arm-none-eabi/lib/thumb/v8-m.main/nofp/libcr_nohost_nf.a(_cr__main.o)
                0x0000825e                __main
 .text.memcpy   0x0000826c        0x4 /Applications/MCUXpressoIDE_24.12.148/ide/plugins/com.nxp.mcuxpresso.tools.macosx_24.12.0.202407110909/tools/bin/../lib/gcc/arm-none-eabi/13.2.1/../../../../arm-none-eabi/lib/thumb/v8-m.main/nofp/libcr_c.a(memcpy.o)
                0x0000826c                memcpy
 .text.memset   0x00008270        0x4 /Applications/MCUXpressoIDE_24.12.148/ide/plugins/com.nxp.mcuxpresso.tools.macosx_24.12.0.202407110909/tools/bin/../lib/gcc/arm-none-eabi/13.2.1/../../../../arm-none-eabi/lib/thumb/v8-m.main/nofp/libcr_c.a(memset.o)
                0x00008270                memset
 .text.free     0x00008274       0x30 /Applications/MCUXpressoIDE_24.12.148/ide/plugins/com.nxp.mcuxpresso.tools.macosx_24.12.0.202407110909/tools/bin/../lib/gcc/arm-none-eabi/13.2.1/../../../../arm-none-eabi/lib/thumb/v8-m.main/nofp/libcr_c.a(alloc.o)
                0x00008274                free
 .text.setvbuf  0x000082a4       0x3e /Applications/MCUXpressoIDE_24.12.148/ide/plugins/com.nxp.mcuxpresso.tools.macosx_24.12.0.202407110909/tools/bin/../lib/gcc/arm-none-eabi/13.2.1/../../../../arm-none-eabi/lib/thumb/v8-m.main/nofp/libcr_c.a(setvbuf.o)
                0x000082a4                setvbuf
 .text.strlen   0x000082e2       0x4e /Applications/MCUXpressoIDE_24.12.148/ide/plugins/com.nxp.mcuxpresso.tools.macosx_24.12.0.202407110909/tools/bin/../lib/gcc/arm-none-eabi/13.2.1/../../../../arm-none-eabi/lib/thumb/v8-m.main/nofp/libcr_c.a(strlen.o)
                0x000082e2                strlen
 .text._deferredlazyseek
                0x00008330       0x40 /Applications/MCUXpressoIDE_24.12.148/ide/plugins/com.nxp.mcuxpresso.tools.macosx_24.12.0.202407110909/tools/bin/../lib/gcc/arm-none-eabi/13.2.1/../../../../arm-none-eabi/lib/thumb/v8-m.main/nofp/libcr_c.a(_deferredlazyseek.o)
                0x00008330                _deferredlazyseek
 .text._fdopen  0x00008370       0x68 /Applications/MCUXpressoIDE_24.12.148/ide/plugins/com.nxp.mcuxpresso.tools.macosx_24.12.0.202407110909/tools/bin/../lib/gcc/arm-none-eabi/13.2.1/../../../../arm-none-eabi/lib/thumb/v8-m.main/nofp/libcr_c.a(_fdopen.o)
                0x00008370                _fdopen
 .text._fflush  0x000083d8       0x52 /Applications/MCUXpressoIDE_24.12.148/ide/plugins/com.nxp.mcuxpresso.tools.macosx_24.12.0.202407110909/tools/bin/../lib/gcc/arm-none-eabi/13.2.1/../../../../arm-none-eabi/lib/thumb/v8-m.main/nofp/libcr_c.a(_fflush.o)
                0x000083d8                _fflush
 .text.fclose   0x0000842a       0x58 /Applications/MCUXpressoIDE_24.12.148/ide/plugins/com.nxp.mcuxpresso.tools.macosx_24.12.0.202407110909/tools/bin/../lib/gcc/arm-none-eabi/13.2.1/../../../../arm-none-eabi/lib/thumb/v8-m.main/nofp/libcr_c.a(fclose.o)
                0x0000842a                fclose
 .text.remove   0x00008482       0x14 /Applications/MCUXpressoIDE_24.12.148/ide/plugins/com.nxp.mcuxpresso.tools.macosx_24.12.0.202407110909/tools/bin/../lib/gcc/arm-none-eabi/13.2.1/../../../../arm-none-eabi/lib/thumb/v8-m.main/nofp/libcr_c.a(remove.o)
                0x00008482                remove
 .text._do_fflush
                0x00008496       0x40 /Applications/MCUXpressoIDE_24.12.148/ide/plugins/com.nxp.mcuxpresso.tools.macosx_24.12.0.202407110909/tools/bin/../lib/gcc/arm-none-eabi/13.2.1/../../../../arm-none-eabi/lib/thumb/v8-m.main/nofp/libcr_c.a(_do_fflush.o)
                0x00008496                _do_fflush
 .text.__aeabi_division_uidiv
                0x000084d6       0x10 /Applications/MCUXpressoIDE_24.12.148/ide/plugins/com.nxp.mcuxpresso.tools.macosx_24.12.0.202407110909/tools/bin/../lib/gcc/arm-none-eabi/13.2.1/thumb/v8-m.main/nofp/libcr_eabihelpers.a(division_32.o)
                0x000084d6                __aeabi_uidiv
 .text.__aeabi_division_idiv0
                0x000084e6        0x2 /Applications/MCUXpressoIDE_24.12.148/ide/plugins/com.nxp.mcuxpresso.tools.macosx_24.12.0.202407110909/tools/bin/../lib/gcc/arm-none-eabi/13.2.1/thumb/v8-m.main/nofp/libcr_eabihelpers.a(division_idiv0.o)
                0x000084e6                __aeabi_idiv0
 .text.__aeabi_memcpy
                0x000084e8       0x34 /Applications/MCUXpressoIDE_24.12.148/ide/plugins/com.nxp.mcuxpresso.tools.macosx_24.12.0.202407110909/tools/bin/../lib/gcc/arm-none-eabi/13.2.1/thumb/v8-m.main/nofp/libcr_eabihelpers.a(memcpy.o)
                0x000084e8                __aeabi_memcpy
                0x000084f2                __aeabi_memcpy4
                0x000084f2                __aeabi_memcpy8
 .text.__aeabi_memset_lowlevel
                0x0000851c       0x32 /Applications/MCUXpressoIDE_24.12.148/ide/plugins/com.nxp.mcuxpresso.tools.macosx_24.12.0.202407110909/tools/bin/../lib/gcc/arm-none-eabi/13.2.1/thumb/v8-m.main/nofp/libcr_eabihelpers.a(memcpy.o)
                0x0000851c                __aeabi_lowlevel_memset
 .text.__sys_close
                0x0000854e        0x6 /Applications/MCUXpressoIDE_24.12.148/ide/plugins/com.nxp.mcuxpresso.tools.macosx_24.12.0.202407110909/tools/bin/../lib/gcc/arm-none-eabi/13.2.1/../../../../arm-none-eabi/lib/thumb/v8-m.main/nofp/libcr_nohost_nf.a(__sys_close.o)
                0x0000854e                __sys_close
 .text.__sys_flen
                0x00008554        0x6 /Applications/MCUXpressoIDE_24.12.148/ide/plugins/com.nxp.mcuxpresso.tools.macosx_24.12.0.202407110909/tools/bin/../lib/gcc/arm-none-eabi/13.2.1/../../../../arm-none-eabi/lib/thumb/v8-m.main/nofp/libcr_nohost_nf.a(__sys_flen.o)
                0x00008554                __sys_flen
 .text.__sys_istty
                0x0000855a        0x6 /Applications/MCUXpressoIDE_24.12.148/ide/plugins/com.nxp.mcuxpresso.tools.macosx_24.12.0.202407110909/tools/bin/../lib/gcc/arm-none-eabi/13.2.1/../../../../arm-none-eabi/lib/thumb/v8-m.main/nofp/libcr_nohost_nf.a(__sys_istty.o)
                0x0000855a                __sys_istty
 .text.__sys_remove
                0x00008560        0x6 /Applications/MCUXpressoIDE_24.12.148/ide/plugins/com.nxp.mcuxpresso.tools.macosx_24.12.0.202407110909/tools/bin/../lib/gcc/arm-none-eabi/13.2.1/../../../../arm-none-eabi/lib/thumb/v8-m.main/nofp/libcr_nohost_nf.a(__sys_remove.o)
                0x00008560                __sys_remove
 .text.__sys_seek
                0x00008566        0x6 /Applications/MCUXpressoIDE_24.12.148/ide/plugins/com.nxp.mcuxpresso.tools.macosx_24.12.0.202407110909/tools/bin/../lib/gcc/arm-none-eabi/13.2.1/../../../../arm-none-eabi/lib/thumb/v8-m.main/nofp/libcr_nohost_nf.a(__sys_seek.o)
                0x00008566                __sys_seek
 .text.__sys_tmpnam
                0x0000856c        0x6 /Applications/MCUXpressoIDE_24.12.148/ide/plugins/com.nxp.mcuxpresso.tools.macosx_24.12.0.202407110909/tools/bin/../lib/gcc/arm-none-eabi/13.2.1/../../../../arm-none-eabi/lib/thumb/v8-m.main/nofp/libcr_nohost_nf.a(__sys_tmpnam.o)
                0x0000856c                __sys_tmpnam
 .text.__sys_write
                0x00008572        0x4 /Applications/MCUXpressoIDE_24.12.148/ide/plugins/com.nxp.mcuxpresso.tools.macosx_24.12.0.202407110909/tools/bin/../lib/gcc/arm-none-eabi/13.2.1/../../../../arm-none-eabi/lib/thumb/v8-m.main/nofp/libcr_nohost_nf.a(__sys_write.o)
                0x00008572                __sys_write
 *(SORT_BY_ALIGNMENT(.rodata) SORT_BY_ALIGNMENT(.rodata.*) SORT_BY_ALIGNMENT(.constdata) SORT_BY_ALIGNMENT(.constdata.*))
 *fill*         0x00008576        0x2 ff
 .rodata.__assertion_failed.str1.4
                0x00008578      0x5e2 ./utilities/fsl_assert.o
                                 0x14 (size before relaxing)
 .rodata.CLOCK_SetClockSelect.str1.4
                0x00008b5a       0x2c ./drivers/fsl_clock.o
 .rodata.CLOCK_SetClockDiv.str1.4
                0x00008b5a       0x2c ./drivers/fsl_clock.o
 *fill*         0x00008b5a        0x2 ff
 .rodata.s_ctimerBases
                0x00008b5c        0xc ./drivers/fsl_ctimer.o
 .rodata.s_gpioBases
                0x00008b68       0x10 ./drivers/fsl_gpio.o
 .rodata.s_gpioClockName
                0x00008b78       0x10 ./drivers/fsl_gpio.o
 .rodata.GPIO_GetInstance.str1.4
                0x00008b88       0x34 ./drivers/fsl_gpio.o
 .rodata.GPIO_PinInit.str1.4
                0x00008b88       0x20 ./drivers/fsl_gpio.o
 .rodata.s_lpuartBases
                0x00008b88        0xc ./drivers/fsl_lpuart.o
 .rodata.s_lpuartClock
                0x00008b94        0xc ./drivers/fsl_lpuart.o
 .rodata.s_lpuartResets
                0x00008ba0        0x6 ./drivers/fsl_lpuart.o
 .rodata.LPUART_GetInstance.str1.4
                0x00008ba6       0x38 ./drivers/fsl_lpuart.o
 .rodata.LPUART_Init.str1.4
                0x00008ba6      0x10a ./drivers/fsl_lpuart.o
 .rodata.LPUART_GetDefaultConfig.str1.4
                0x00008ba6       0x22 ./drivers/fsl_lpuart.o
 .rodata.LPUART_WriteBlocking.str1.4
                0x00008ba6       0x21 ./drivers/fsl_lpuart.o
 .rodata.LPUART_ReadBlocking.str1.4
                0x00008ba6       0x21 ./drivers/fsl_lpuart.o
 .rodata.RESET_SetPeripheralReset.str1.4
                0x00008ba6       0x3f ./drivers/fsl_reset.o
 .rodata.RESET_ClearPeripheralReset.str1.4
                0x00008ba6       0x1e ./drivers/fsl_reset.o
 *fill*         0x00008ba6        0x2 ff
 .rodata.s_LpuartAdapterBase
                0x00008ba8        0xc ./component/uart/fsl_adapter_lpuart.o
 .rodata.HAL_UartInit.str1.4
                0x00008bb4      0x116 ./component/uart/fsl_adapter_lpuart.o
 .rodata.HAL_UartReceiveBlocking.str1.4
                0x00008bb4       0x7b ./component/uart/fsl_adapter_lpuart.o
 .rodata.HAL_UartSendBlocking.str1.4
                0x00008bb4       0x7b ./component/uart/fsl_adapter_lpuart.o
 .rodata.s_GpioPort
                0x00008bb4       0x10 ./component/gpio/fsl_adapter_gpio.o
 .rodata.PORT_SetPinConfig.str1.4
                0x00008bc4       0x52 ./board/pin_mux.o
 .rodata        0x00008bc4       0xa7 ./IchigoJam_BASIC/main.o
 *fill*         0x00008c6b        0x1 ff
 .rodata.TOKENS
                0x00008c6c      0x244 ./IchigoJam_BASIC/main.o
 .rodata.extension_parse.str1.4
                0x00008eb0        0xc ./IchigoJam_BASIC/main.o
 .rodata.extension_command.str1.4
                0x00008eb0       0x12 ./IchigoJam_BASIC/main.o
 .rodata.basic_printError.str1.4
                0x00008eb0        0x5 ./IchigoJam_BASIC/main.o
 .rodata.command_load.str1.4
                0x00008eb0        0xe ./IchigoJam_BASIC/main.o
 .rodata.command_save.str1.4
                0x00008eb0        0x7 ./IchigoJam_BASIC/main.o
 .rodata.command_help.str1.4
                0x00008eb0       0x31 ./IchigoJam_BASIC/main.o
 .rodata.SIN_TABLE
                0x00008eb0       0x5b ./IchigoJam_BASIC/main.o
 .rodata.exec.str1.4
                0x00008f0b        0x4 ./IchigoJam_BASIC/main.o
 .rodata.ichigojam_main.str1.4
                0x00008f0b       0x21 ./IchigoJam_BASIC/main.o
 .rodata.main_loop.str1.4
                0x00008f0b       0x12 ./IchigoJam_BASIC/main.o
 *fill*         0x00008f0b        0x1 ff
 .rodata.__num_Ciob_streams
                0x00008f0c        0x4 /Applications/MCUXpressoIDE_24.12.148/ide/plugins/com.nxp.mcuxpresso.tools.macosx_24.12.0.202407110909/tools/bin/../lib/gcc/arm-none-eabi/13.2.1/../../../../arm-none-eabi/lib/thumb/v8-m.main/nofp/libcr_nohost_nf.a(__ciob.o)
                0x00008f0c                __num_Ciob_streams
 .rodata._initio.str1.1
                0x00008f10        0x4 /Applications/MCUXpressoIDE_24.12.148/ide/plugins/com.nxp.mcuxpresso.tools.macosx_24.12.0.202407110909/tools/bin/../lib/gcc/arm-none-eabi/13.2.1/../../../../arm-none-eabi/lib/thumb/v8-m.main/nofp/libcr_c.a(initio.o)
                0x00008f14                        . = ALIGN (0x4)

.glue_7         0x00008f14        0x0
 .glue_7        0x00008f14        0x0 linker stubs

.glue_7t        0x00008f14        0x0
 .glue_7t       0x00008f14        0x0 linker stubs

.vfp11_veneer   0x00008f14        0x0
 .vfp11_veneer  0x00008f14        0x0 linker stubs

.v4_bx          0x00008f14        0x0
 .v4_bx         0x00008f14        0x0 linker stubs

.iplt           0x00008f14        0x0
 .iplt          0x00008f14        0x0 ./utilities/str/fsl_str.o

.rel.dyn        0x00008f14        0x0
 .rel.iplt      0x00008f14        0x0 ./utilities/str/fsl_str.o

.ARM.extab
 *(SORT_BY_ALIGNMENT(.ARM.extab*) SORT_BY_ALIGNMENT(.gnu.linkonce.armextab.*))

.ARM.exidx      0x00008f14        0x0
                0x00008f14                        __exidx_start = .
 *(SORT_BY_ALIGNMENT(.ARM.exidx*) SORT_BY_ALIGNMENT(.gnu.linkonce.armexidx.*))
                0x00008f14                        __exidx_end = .
                0x00008f14                        _etext = .

.data_RAM2      0x04000000        0x0 load address 0x00008f14
 FILL mask 0xff
                [!provide]                        PROVIDE (__start_data_RAM2 = .)
                [!provide]                        PROVIDE (__start_data_SRAMX0 = .)
 *(SORT_BY_ALIGNMENT(.ramfunc.$RAM2))
 *(SORT_BY_ALIGNMENT(.ramfunc.$SRAMX0))
 *(SORT_BY_ALIGNMENT(.data.$RAM2))
 *(SORT_BY_ALIGNMENT(.data.$SRAMX0))
 *(SORT_BY_ALIGNMENT(.data.$RAM2.*))
 *(SORT_BY_ALIGNMENT(.data.$SRAMX0.*))
                0x04000000                        . = ALIGN (0x4)
                [!provide]                        PROVIDE (__end_data_RAM2 = .)
                [!provide]                        PROVIDE (__end_data_SRAMX0 = .)

.data_RAM3      0x04002000        0x0 load address 0x00008f14
 FILL mask 0xff
                [!provide]                        PROVIDE (__start_data_RAM3 = .)
                [!provide]                        PROVIDE (__start_data_SRAMX1 = .)
 *(SORT_BY_ALIGNMENT(.ramfunc.$RAM3))
 *(SORT_BY_ALIGNMENT(.ramfunc.$SRAMX1))
 *(SORT_BY_ALIGNMENT(.data.$RAM3))
 *(SORT_BY_ALIGNMENT(.data.$SRAMX1))
 *(SORT_BY_ALIGNMENT(.data.$RAM3.*))
 *(SORT_BY_ALIGNMENT(.data.$SRAMX1.*))
                0x04002000                        . = ALIGN (0x4)
                [!provide]                        PROVIDE (__end_data_RAM3 = .)
                [!provide]                        PROVIDE (__end_data_SRAMX1 = .)

.uninit_RESERVED
                0x20000000        0x0
                0x20000000                        _start_uninit_RESERVED = .
 *(SORT_BY_ALIGNMENT(.bss.$RESERVED*))
                0x20000000                        . = ALIGN (0x4)
                0x20000000                        _end_uninit_RESERVED = .

.data           0x20000000      0x808 load address 0x00008f14
 FILL mask 0xff
                0x20000000                        _data = .
                [!provide]                        PROVIDE (__start_data_RAM = .)
                [!provide]                        PROVIDE (__start_data_SRAM = .)
 *(SORT_BY_ALIGNMENT(vtable))
 *(SORT_BY_ALIGNMENT(.ramfunc*))
 *(SORT_BY_ALIGNMENT(CodeQuickAccess))
 *(SORT_BY_ALIGNMENT(DataQuickAccess))
 *(SORT_BY_ALIGNMENT(RamFunction))
 *(SORT_BY_ALIGNMENT(.data*))
 .data.CHAR_PATTERN_JP
                0x20000000      0x800 ./IchigoJam_BASIC/main.o
                0x20000000                CHAR_PATTERN_JP
 .data.ERR_MESSAGES
                0x20000800        0x4 ./IchigoJam_BASIC/main.o
 .data.keybuf   0x20000804        0x4 ./IchigoJam_BASIC/main.o
                0x20000804                keybuf
                0x20000808                        . = ALIGN (0x4)
                0x20000808                        _edata = .
                [!provide]                        PROVIDE (__end_data_RAM = .)
                [!provide]                        PROVIDE (__end_data_SRAM = .)

.igot.plt       0x20000808        0x0 load address 0x0000971c
 .igot.plt      0x20000808        0x0 ./utilities/str/fsl_str.o

.bss_RAM2       0x04000000        0x0
                [!provide]                        PROVIDE (__start_bss_RAM2 = .)
                [!provide]                        PROVIDE (__start_bss_SRAMX0 = .)
 *(SORT_BY_ALIGNMENT(.bss.$RAM2))
 *(SORT_BY_ALIGNMENT(.bss.$SRAMX0))
 *(SORT_BY_ALIGNMENT(.bss.$RAM2.*))
 *(SORT_BY_ALIGNMENT(.bss.$SRAMX0.*))
                0x04000000                        . = ALIGN ((. != 0x0)?0x4:0x1)
                [!provide]                        PROVIDE (__end_bss_RAM2 = .)
                [!provide]                        PROVIDE (__end_bss_SRAMX0 = .)

.bss_RAM3       0x04002000        0x0
                [!provide]                        PROVIDE (__start_bss_RAM3 = .)
                [!provide]                        PROVIDE (__start_bss_SRAMX1 = .)
 *(SORT_BY_ALIGNMENT(.bss.$RAM3))
 *(SORT_BY_ALIGNMENT(.bss.$SRAMX1))
 *(SORT_BY_ALIGNMENT(.bss.$RAM3.*))
 *(SORT_BY_ALIGNMENT(.bss.$SRAMX1.*))
                0x04002000                        . = ALIGN ((. != 0x0)?0x4:0x1)
                [!provide]                        PROVIDE (__end_bss_RAM3 = .)
                [!provide]                        PROVIDE (__end_bss_SRAMX1 = .)

.bss            0x20000808      0xc8c
                0x20000808                        _bss = .
                [!provide]                        PROVIDE (__start_bss_RAM = .)
                [!provide]                        PROVIDE (__start_bss_SRAM = .)
 *(SORT_BY_ALIGNMENT(.bss*))
 .bss.s_debugConsoleState
                0x20000808       0x20 ./utilities/debug_console/fsl_debug_console.o
 .bss.g_serialHandle
                0x20000828        0x4 ./utilities/debug_console/fsl_debug_console.o
                0x20000828                g_serialHandle
 .bss.i.0       0x2000082c        0x4 ./source/IchigoJam_MCX.o
 .bss.s_ctimerCallback
                0x20000830        0xc ./drivers/fsl_ctimer.o
 .bss.ctimerCallbackType
                0x2000083c        0x3 ./drivers/fsl_ctimer.o
 *fill*         0x2000083f        0x1 
 .bss.s_lpuartHandle
                0x20000840        0xc ./drivers/fsl_lpuart.o
                0x20000840                s_lpuartHandle
 .bss.s_lpuartIsr
                0x2000084c        0xc ./drivers/fsl_lpuart.o
                0x2000084c                s_lpuartIsr
 .bss.s_GpioHead
                0x20000858        0x4 ./component/gpio/fsl_adapter_gpio.o
 .bss.ram       0x2000085c      0xa80 ./IchigoJam_BASIC/main.o
                0x2000085c                ram
 .bss._g        0x200012dc       0x40 ./IchigoJam_BASIC/main.o
                0x200012dc                _g
 .bss.vram      0x2000131c        0x4 ./IchigoJam_BASIC/main.o
                0x2000131c                vram
 .bss.gosubstack
                0x20001320       0x78 ./IchigoJam_BASIC/main.o
                0x20001320                gosubstack
 .bss.forstack  0x20001398       0x18 ./IchigoJam_BASIC/main.o
                0x20001398                forstack
 .bss.pc        0x200013b0        0x4 ./IchigoJam_BASIC/main.o
                0x200013b0                pc
 .bss.pcbreak   0x200013b4        0x4 ./IchigoJam_BASIC/main.o
                0x200013b4                pcbreak
 .bss.lasttoken
                0x200013b8        0x4 ./IchigoJam_BASIC/main.o
                0x200013b8                lasttoken
 .bss.lasttokenpc
                0x200013bc        0x4 ./IchigoJam_BASIC/main.o
                0x200013bc                lasttokenpc
 .bss.bklasttoken
                0x200013c0        0x4 ./IchigoJam_BASIC/main.o
                0x200013c0                bklasttoken
 .bss.key_flg   0x200013c4        0x2 ./IchigoJam_BASIC/main.o
                0x200013c4                key_flg
 *fill*         0x200013c6        0x2 
 .bss.rndn      0x200013c8       0x10 ./IchigoJam_BASIC/main.o
                0x200013c8                rndn
 .bss.errno     0x200013d8        0x4 /Applications/MCUXpressoIDE_24.12.148/ide/plugins/com.nxp.mcuxpresso.tools.macosx_24.12.0.202407110909/tools/bin/../lib/gcc/arm-none-eabi/13.2.1/../../../../arm-none-eabi/lib/thumb/v8-m.main/nofp/libcr_c.a(errno.o)
                0x200013d8                errno
 .bss.__Ciob    0x200013dc       0xb4 /Applications/MCUXpressoIDE_24.12.148/ide/plugins/com.nxp.mcuxpresso.tools.macosx_24.12.0.202407110909/tools/bin/../lib/gcc/arm-none-eabi/13.2.1/../../../../arm-none-eabi/lib/thumb/v8-m.main/nofp/libcr_nohost_nf.a(__ciob.o)
                0x200013dc                __Ciob
 .bss.frames    0x20001490        0x2 ./IchigoJam_BASIC/main.o
                0x20001490                frames
 .bss.s_debugConsoleReadWaitSemaphore
                0x20001492        0x1 ./utilities/debug_console/fsl_debug_console.o
 *(SORT_BY_ALIGNMENT(COMMON))
                0x20001494                        . = ALIGN (0x4)
 *fill*         0x20001493        0x1 
                0x20001494                        _ebss = .
                [!provide]                        PROVIDE (__end_bss_RAM = .)
                [!provide]                        PROVIDE (__end_bss_SRAM = .)
                [!provide]                        PROVIDE (end = .)

.noinit_RAM2    0x04000000        0x0
                [!provide]                        PROVIDE (__start_noinit_RAM2 = .)
                [!provide]                        PROVIDE (__start_noinit_SRAMX0 = .)
 *(SORT_BY_ALIGNMENT(.noinit.$RAM2))
 *(SORT_BY_ALIGNMENT(.noinit.$SRAMX0))
 *(SORT_BY_ALIGNMENT(.noinit.$RAM2.*))
 *(SORT_BY_ALIGNMENT(.noinit.$SRAMX0.*))
                0x04000000                        . = ALIGN (0x4)
                [!provide]                        PROVIDE (__end_noinit_RAM2 = .)
                [!provide]                        PROVIDE (__end_noinit_SRAMX0 = .)

.noinit_RAM3    0x04002000        0x0
                [!provide]                        PROVIDE (__start_noinit_RAM3 = .)
                [!provide]                        PROVIDE (__start_noinit_SRAMX1 = .)
 *(SORT_BY_ALIGNMENT(.noinit.$RAM3))
 *(SORT_BY_ALIGNMENT(.noinit.$SRAMX1))
 *(SORT_BY_ALIGNMENT(.noinit.$RAM3.*))
 *(SORT_BY_ALIGNMENT(.noinit.$SRAMX1.*))
                0x04002000                        . = ALIGN (0x4)
                [!provide]                        PROVIDE (__end_noinit_RAM3 = .)
                [!provide]                        PROVIDE (__end_noinit_SRAMX1 = .)

.noinit         0x20001494        0x0
                0x20001494                        _noinit = .
                [!provide]                        PROVIDE (__start_noinit_RAM = .)
                [!provide]                        PROVIDE (__start_noinit_SRAM = .)
 *(SORT_BY_ALIGNMENT(.noinit*))
                0x20001494                        . = ALIGN (0x4)
                0x20001494                        _end_noinit = .
                [!provide]                        PROVIDE (__end_noinit_RAM = .)
                [!provide]                        PROVIDE (__end_noinit_SRAM = .)
                0x00000600                        _HeapSize = 0x600

.heap           0x20001494      0x600
                0x20001494                        _pvHeapStart = .
                0x20001a94                        . = (. + _HeapSize)
 *fill*         0x20001494      0x600 
                0x20001a94                        . = ALIGN (0x4)
                0x20001a94                        _pvHeapLimit = .
                0x00000600                        _StackSize = 0x600

.heap2stackfill
                0x20001a94      0x600
                0x20002094                        . = (. + _StackSize)
 *fill*         0x20001a94      0x600 

.stack          0x20005a00        0x0
                0x20005a00                        _vStackBase = .
                0x20005a00                        . = ALIGN (0x4)
                0x20006000                        _vStackTop = (. + _StackSize)
                0x00000000                        _image_start = LOADADDR (.text)
                0x0000971c                        _image_end = (LOADADDR (.data) + SIZEOF (.data))
                0x0000971c                        _image_size = (_image_end - _image_start)
OUTPUT(IchigoJam_MCX.axf elf32-littlearm)
LOAD linker stubs

.debug_info     0x00000000    0x17f59
 .debug_info    0x00000000      0xd5d ./utilities/str/fsl_str.o
 .debug_info    0x00000d5d      0xec8 ./utilities/debug_console/fsl_debug_console.o
 .debug_info    0x00001c25      0x127 ./utilities/fsl_assert.o
 .debug_info    0x00001d4c      0xb86 ./startup/startup_mcxa153.o
 .debug_info    0x000028d2      0x127 ./source/IchigoJam_MCX.o
 .debug_info    0x000029f9     0x20b1 ./drivers/fsl_clock.o
 .debug_info    0x00004aaa     0x1dad ./drivers/fsl_ctimer.o
 .debug_info    0x00006857     0x12bc ./drivers/fsl_gpio.o
 .debug_info    0x00007b13     0x2c92 ./drivers/fsl_lpuart.o
 .debug_info    0x0000a7a5      0xa36 ./drivers/fsl_reset.o
 .debug_info    0x0000b1db      0xc6a ./device/system_MCXA153.o
 .debug_info    0x0000be45      0xc9d ./component/uart/fsl_adapter_lpuart.o
 .debug_info    0x0000cae2      0xe35 ./component/serial_manager/fsl_component_serial_manager.o
 .debug_info    0x0000d917      0x54a ./component/serial_manager/fsl_component_serial_port_uart.o
 .debug_info    0x0000de61     0x1883 ./component/gpio/fsl_adapter_gpio.o
 .debug_info    0x0000f6e4      0x6e4 ./board/board.o
 .debug_info    0x0000fdc8      0xada ./board/clock_config.o
 .debug_info    0x000108a2       0x3c ./board/peripherals.o
 .debug_info    0x000108de     0x1121 ./board/pin_mux.o
 .debug_info    0x000119ff     0x3ae3 ./IchigoJam_BASIC/main.o
 .debug_info    0x000154e2       0x85 /Applications/MCUXpressoIDE_24.12.148/ide/plugins/com.nxp.mcuxpresso.tools.macosx_24.12.0.202407110909/tools/bin/../lib/gcc/arm-none-eabi/13.2.1/../../../../arm-none-eabi/lib/thumb/v8-m.main/nofp/libcr_nohost_nf.a(_cr__main.o)
 .debug_info    0x00015567      0x12b /Applications/MCUXpressoIDE_24.12.148/ide/plugins/com.nxp.mcuxpresso.tools.macosx_24.12.0.202407110909/tools/bin/../lib/gcc/arm-none-eabi/13.2.1/../../../../arm-none-eabi/lib/thumb/v8-m.main/nofp/libcr_c.a(memcpy.o)
 .debug_info    0x00015692       0xfc /Applications/MCUXpressoIDE_24.12.148/ide/plugins/com.nxp.mcuxpresso.tools.macosx_24.12.0.202407110909/tools/bin/../lib/gcc/arm-none-eabi/13.2.1/../../../../arm-none-eabi/lib/thumb/v8-m.main/nofp/libcr_c.a(memset.o)
 .debug_info    0x0001578e      0x520 /Applications/MCUXpressoIDE_24.12.148/ide/plugins/com.nxp.mcuxpresso.tools.macosx_24.12.0.202407110909/tools/bin/../lib/gcc/arm-none-eabi/13.2.1/../../../../arm-none-eabi/lib/thumb/v8-m.main/nofp/libcr_c.a(alloc.o)
 .debug_info    0x00015cae       0x44 /Applications/MCUXpressoIDE_24.12.148/ide/plugins/com.nxp.mcuxpresso.tools.macosx_24.12.0.202407110909/tools/bin/../lib/gcc/arm-none-eabi/13.2.1/../../../../arm-none-eabi/lib/thumb/v8-m.main/nofp/libcr_c.a(errno.o)
 .debug_info    0x00015cf2      0x339 /Applications/MCUXpressoIDE_24.12.148/ide/plugins/com.nxp.mcuxpresso.tools.macosx_24.12.0.202407110909/tools/bin/../lib/gcc/arm-none-eabi/13.2.1/../../../../arm-none-eabi/lib/thumb/v8-m.main/nofp/libcr_c.a(initio.o)
 .debug_info    0x0001602b      0x1fd /Applications/MCUXpressoIDE_24.12.148/ide/plugins/com.nxp.mcuxpresso.tools.macosx_24.12.0.202407110909/tools/bin/../lib/gcc/arm-none-eabi/13.2.1/../../../../arm-none-eabi/lib/thumb/v8-m.main/nofp/libcr_c.a(setvbuf.o)
 .debug_info    0x00016228       0xe1 /Applications/MCUXpressoIDE_24.12.148/ide/plugins/com.nxp.mcuxpresso.tools.macosx_24.12.0.202407110909/tools/bin/../lib/gcc/arm-none-eabi/13.2.1/../../../../arm-none-eabi/lib/thumb/v8-m.main/nofp/libcr_c.a(strlen.o)
 .debug_info    0x00016309      0x369 /Applications/MCUXpressoIDE_24.12.148/ide/plugins/com.nxp.mcuxpresso.tools.macosx_24.12.0.202407110909/tools/bin/../lib/gcc/arm-none-eabi/13.2.1/../../../../arm-none-eabi/lib/thumb/v8-m.main/nofp/libcr_c.a(_deferredlazyseek.o)
 .debug_info    0x00016672      0x24b /Applications/MCUXpressoIDE_24.12.148/ide/plugins/com.nxp.mcuxpresso.tools.macosx_24.12.0.202407110909/tools/bin/../lib/gcc/arm-none-eabi/13.2.1/../../../../arm-none-eabi/lib/thumb/v8-m.main/nofp/libcr_c.a(_fdopen.o)
 .debug_info    0x000168bd      0x1e3 /Applications/MCUXpressoIDE_24.12.148/ide/plugins/com.nxp.mcuxpresso.tools.macosx_24.12.0.202407110909/tools/bin/../lib/gcc/arm-none-eabi/13.2.1/../../../../arm-none-eabi/lib/thumb/v8-m.main/nofp/libcr_c.a(_fflush.o)
 .debug_info    0x00016aa0      0x289 /Applications/MCUXpressoIDE_24.12.148/ide/plugins/com.nxp.mcuxpresso.tools.macosx_24.12.0.202407110909/tools/bin/../lib/gcc/arm-none-eabi/13.2.1/../../../../arm-none-eabi/lib/thumb/v8-m.main/nofp/libcr_c.a(_writebuf.o)
 .debug_info    0x00016d29      0x318 /Applications/MCUXpressoIDE_24.12.148/ide/plugins/com.nxp.mcuxpresso.tools.macosx_24.12.0.202407110909/tools/bin/../lib/gcc/arm-none-eabi/13.2.1/../../../../arm-none-eabi/lib/thumb/v8-m.main/nofp/libcr_c.a(fclose.o)
 .debug_info    0x00017041      0x209 /Applications/MCUXpressoIDE_24.12.148/ide/plugins/com.nxp.mcuxpresso.tools.macosx_24.12.0.202407110909/tools/bin/../lib/gcc/arm-none-eabi/13.2.1/../../../../arm-none-eabi/lib/thumb/v8-m.main/nofp/libcr_c.a(fflush.o)
 .debug_info    0x0001724a      0x276 /Applications/MCUXpressoIDE_24.12.148/ide/plugins/com.nxp.mcuxpresso.tools.macosx_24.12.0.202407110909/tools/bin/../lib/gcc/arm-none-eabi/13.2.1/../../../../arm-none-eabi/lib/thumb/v8-m.main/nofp/libcr_c.a(fseek.o)
 .debug_info    0x000174c0      0x197 /Applications/MCUXpressoIDE_24.12.148/ide/plugins/com.nxp.mcuxpresso.tools.macosx_24.12.0.202407110909/tools/bin/../lib/gcc/arm-none-eabi/13.2.1/../../../../arm-none-eabi/lib/thumb/v8-m.main/nofp/libcr_c.a(ftell.o)
 .debug_info    0x00017657      0x1d7 /Applications/MCUXpressoIDE_24.12.148/ide/plugins/com.nxp.mcuxpresso.tools.macosx_24.12.0.202407110909/tools/bin/../lib/gcc/arm-none-eabi/13.2.1/../../../../arm-none-eabi/lib/thumb/v8-m.main/nofp/libcr_c.a(remove.o)
 .debug_info    0x0001782e      0x23a /Applications/MCUXpressoIDE_24.12.148/ide/plugins/com.nxp.mcuxpresso.tools.macosx_24.12.0.202407110909/tools/bin/../lib/gcc/arm-none-eabi/13.2.1/../../../../arm-none-eabi/lib/thumb/v8-m.main/nofp/libcr_c.a(_do_fflush.o)
 .debug_info    0x00017a68      0x18b /Applications/MCUXpressoIDE_24.12.148/ide/plugins/com.nxp.mcuxpresso.tools.macosx_24.12.0.202407110909/tools/bin/../lib/gcc/arm-none-eabi/13.2.1/../../../../arm-none-eabi/lib/thumb/v8-m.main/nofp/libcr_nohost_nf.a(__ciob.o)
 .debug_info    0x00017bf3       0x6a /Applications/MCUXpressoIDE_24.12.148/ide/plugins/com.nxp.mcuxpresso.tools.macosx_24.12.0.202407110909/tools/bin/../lib/gcc/arm-none-eabi/13.2.1/../../../../arm-none-eabi/lib/thumb/v8-m.main/nofp/libcr_nohost_nf.a(__sys_close.o)
 .debug_info    0x00017c5d       0x6a /Applications/MCUXpressoIDE_24.12.148/ide/plugins/com.nxp.mcuxpresso.tools.macosx_24.12.0.202407110909/tools/bin/../lib/gcc/arm-none-eabi/13.2.1/../../../../arm-none-eabi/lib/thumb/v8-m.main/nofp/libcr_nohost_nf.a(__sys_flen.o)
 .debug_info    0x00017cc7       0x6a /Applications/MCUXpressoIDE_24.12.148/ide/plugins/com.nxp.mcuxpresso.tools.macosx_24.12.0.202407110909/tools/bin/../lib/gcc/arm-none-eabi/13.2.1/../../../../arm-none-eabi/lib/thumb/v8-m.main/nofp/libcr_nohost_nf.a(__sys_istty.o)
 .debug_info    0x00017d31       0x8a /Applications/MCUXpressoIDE_24.12.148/ide/plugins/com.nxp.mcuxpresso.tools.macosx_24.12.0.202407110909/tools/bin/../lib/gcc/arm-none-eabi/13.2.1/../../../../arm-none-eabi/lib/thumb/v8-m.main/nofp/libcr_nohost_nf.a(__sys_remove.o)
 .debug_info    0x00017dbb       0x78 /Applications/MCUXpressoIDE_24.12.148/ide/plugins/com.nxp.mcuxpresso.tools.macosx_24.12.0.202407110909/tools/bin/../lib/gcc/arm-none-eabi/13.2.1/../../../../arm-none-eabi/lib/thumb/v8-m.main/nofp/libcr_nohost_nf.a(__sys_seek.o)
 .debug_info    0x00017e33       0x93 /Applications/MCUXpressoIDE_24.12.148/ide/plugins/com.nxp.mcuxpresso.tools.macosx_24.12.0.202407110909/tools/bin/../lib/gcc/arm-none-eabi/13.2.1/../../../../arm-none-eabi/lib/thumb/v8-m.main/nofp/libcr_nohost_nf.a(__sys_tmpnam.o)
 .debug_info    0x00017ec6       0x93 /Applications/MCUXpressoIDE_24.12.148/ide/plugins/com.nxp.mcuxpresso.tools.macosx_24.12.0.202407110909/tools/bin/../lib/gcc/arm-none-eabi/13.2.1/../../../../arm-none-eabi/lib/thumb/v8-m.main/nofp/libcr_nohost_nf.a(__sys_write.o)

.debug_abbrev   0x00000000     0x4468
 .debug_abbrev  0x00000000      0x270 ./utilities/str/fsl_str.o
 .debug_abbrev  0x00000270      0x270 ./utilities/debug_console/fsl_debug_console.o
 .debug_abbrev  0x000004e0       0xbd ./utilities/fsl_assert.o
 .debug_abbrev  0x0000059d      0x134 ./startup/startup_mcxa153.o
 .debug_abbrev  0x000006d1       0xee ./source/IchigoJam_MCX.o
 .debug_abbrev  0x000007bf      0x31f ./drivers/fsl_clock.o
 .debug_abbrev  0x00000ade      0x3b1 ./drivers/fsl_ctimer.o
 .debug_abbrev  0x00000e8f      0x26e ./drivers/fsl_gpio.o
 .debug_abbrev  0x000010fd      0x484 ./drivers/fsl_lpuart.o
 .debug_abbrev  0x00001581      0x13d ./drivers/fsl_reset.o
 .debug_abbrev  0x000016be      0x17f ./device/system_MCXA153.o
 .debug_abbrev  0x0000183d      0x1e7 ./component/uart/fsl_adapter_lpuart.o
 .debug_abbrev  0x00001a24      0x2bb ./component/serial_manager/fsl_component_serial_manager.o
 .debug_abbrev  0x00001cdf      0x18c ./component/serial_manager/fsl_component_serial_port_uart.o
 .debug_abbrev  0x00001e6b      0x430 ./component/gpio/fsl_adapter_gpio.o
 .debug_abbrev  0x0000229b       0xf2 ./board/board.o
 .debug_abbrev  0x0000238d      0x204 ./board/clock_config.o
 .debug_abbrev  0x00002591       0x31 ./board/peripherals.o
 .debug_abbrev  0x000025c2      0x252 ./board/pin_mux.o
 .debug_abbrev  0x00002814      0x62e ./IchigoJam_BASIC/main.o
 .debug_abbrev  0x00002e42       0x70 /Applications/MCUXpressoIDE_24.12.148/ide/plugins/com.nxp.mcuxpresso.tools.macosx_24.12.0.202407110909/tools/bin/../lib/gcc/arm-none-eabi/13.2.1/../../../../arm-none-eabi/lib/thumb/v8-m.main/nofp/libcr_nohost_nf.a(_cr__main.o)
 .debug_abbrev  0x00002eb2       0xb6 /Applications/MCUXpressoIDE_24.12.148/ide/plugins/com.nxp.mcuxpresso.tools.macosx_24.12.0.202407110909/tools/bin/../lib/gcc/arm-none-eabi/13.2.1/../../../../arm-none-eabi/lib/thumb/v8-m.main/nofp/libcr_c.a(memcpy.o)
 .debug_abbrev  0x00002f68       0xa8 /Applications/MCUXpressoIDE_24.12.148/ide/plugins/com.nxp.mcuxpresso.tools.macosx_24.12.0.202407110909/tools/bin/../lib/gcc/arm-none-eabi/13.2.1/../../../../arm-none-eabi/lib/thumb/v8-m.main/nofp/libcr_c.a(memset.o)
 .debug_abbrev  0x00003010      0x284 /Applications/MCUXpressoIDE_24.12.148/ide/plugins/com.nxp.mcuxpresso.tools.macosx_24.12.0.202407110909/tools/bin/../lib/gcc/arm-none-eabi/13.2.1/../../../../arm-none-eabi/lib/thumb/v8-m.main/nofp/libcr_c.a(alloc.o)
 .debug_abbrev  0x00003294       0x44 /Applications/MCUXpressoIDE_24.12.148/ide/plugins/com.nxp.mcuxpresso.tools.macosx_24.12.0.202407110909/tools/bin/../lib/gcc/arm-none-eabi/13.2.1/../../../../arm-none-eabi/lib/thumb/v8-m.main/nofp/libcr_c.a(errno.o)
 .debug_abbrev  0x000032d8      0x169 /Applications/MCUXpressoIDE_24.12.148/ide/plugins/com.nxp.mcuxpresso.tools.macosx_24.12.0.202407110909/tools/bin/../lib/gcc/arm-none-eabi/13.2.1/../../../../arm-none-eabi/lib/thumb/v8-m.main/nofp/libcr_c.a(initio.o)
 .debug_abbrev  0x00003441       0xe1 /Applications/MCUXpressoIDE_24.12.148/ide/plugins/com.nxp.mcuxpresso.tools.macosx_24.12.0.202407110909/tools/bin/../lib/gcc/arm-none-eabi/13.2.1/../../../../arm-none-eabi/lib/thumb/v8-m.main/nofp/libcr_c.a(setvbuf.o)
 .debug_abbrev  0x00003522       0xa7 /Applications/MCUXpressoIDE_24.12.148/ide/plugins/com.nxp.mcuxpresso.tools.macosx_24.12.0.202407110909/tools/bin/../lib/gcc/arm-none-eabi/13.2.1/../../../../arm-none-eabi/lib/thumb/v8-m.main/nofp/libcr_c.a(strlen.o)
 .debug_abbrev  0x000035c9      0x152 /Applications/MCUXpressoIDE_24.12.148/ide/plugins/com.nxp.mcuxpresso.tools.macosx_24.12.0.202407110909/tools/bin/../lib/gcc/arm-none-eabi/13.2.1/../../../../arm-none-eabi/lib/thumb/v8-m.main/nofp/libcr_c.a(_deferredlazyseek.o)
 .debug_abbrev  0x0000371b      0x119 /Applications/MCUXpressoIDE_24.12.148/ide/plugins/com.nxp.mcuxpresso.tools.macosx_24.12.0.202407110909/tools/bin/../lib/gcc/arm-none-eabi/13.2.1/../../../../arm-none-eabi/lib/thumb/v8-m.main/nofp/libcr_c.a(_fdopen.o)
 .debug_abbrev  0x00003834       0xf1 /Applications/MCUXpressoIDE_24.12.148/ide/plugins/com.nxp.mcuxpresso.tools.macosx_24.12.0.202407110909/tools/bin/../lib/gcc/arm-none-eabi/13.2.1/../../../../arm-none-eabi/lib/thumb/v8-m.main/nofp/libcr_c.a(_fflush.o)
 .debug_abbrev  0x00003925      0x126 /Applications/MCUXpressoIDE_24.12.148/ide/plugins/com.nxp.mcuxpresso.tools.macosx_24.12.0.202407110909/tools/bin/../lib/gcc/arm-none-eabi/13.2.1/../../../../arm-none-eabi/lib/thumb/v8-m.main/nofp/libcr_c.a(_writebuf.o)
 .debug_abbrev  0x00003a4b      0x155 /Applications/MCUXpressoIDE_24.12.148/ide/plugins/com.nxp.mcuxpresso.tools.macosx_24.12.0.202407110909/tools/bin/../lib/gcc/arm-none-eabi/13.2.1/../../../../arm-none-eabi/lib/thumb/v8-m.main/nofp/libcr_c.a(fclose.o)
 .debug_abbrev  0x00003ba0      0x125 /Applications/MCUXpressoIDE_24.12.148/ide/plugins/com.nxp.mcuxpresso.tools.macosx_24.12.0.202407110909/tools/bin/../lib/gcc/arm-none-eabi/13.2.1/../../../../arm-none-eabi/lib/thumb/v8-m.main/nofp/libcr_c.a(fflush.o)
 .debug_abbrev  0x00003cc5      0x11b /Applications/MCUXpressoIDE_24.12.148/ide/plugins/com.nxp.mcuxpresso.tools.macosx_24.12.0.202407110909/tools/bin/../lib/gcc/arm-none-eabi/13.2.1/../../../../arm-none-eabi/lib/thumb/v8-m.main/nofp/libcr_c.a(fseek.o)
 .debug_abbrev  0x00003de0       0xc2 /Applications/MCUXpressoIDE_24.12.148/ide/plugins/com.nxp.mcuxpresso.tools.macosx_24.12.0.202407110909/tools/bin/../lib/gcc/arm-none-eabi/13.2.1/../../../../arm-none-eabi/lib/thumb/v8-m.main/nofp/libcr_c.a(ftell.o)
 .debug_abbrev  0x00003ea2       0xfb /Applications/MCUXpressoIDE_24.12.148/ide/plugins/com.nxp.mcuxpresso.tools.macosx_24.12.0.202407110909/tools/bin/../lib/gcc/arm-none-eabi/13.2.1/../../../../arm-none-eabi/lib/thumb/v8-m.main/nofp/libcr_c.a(remove.o)
 .debug_abbrev  0x00003f9d      0x12c /Applications/MCUXpressoIDE_24.12.148/ide/plugins/com.nxp.mcuxpresso.tools.macosx_24.12.0.202407110909/tools/bin/../lib/gcc/arm-none-eabi/13.2.1/../../../../arm-none-eabi/lib/thumb/v8-m.main/nofp/libcr_c.a(_do_fflush.o)
 .debug_abbrev  0x000040c9       0xb5 /Applications/MCUXpressoIDE_24.12.148/ide/plugins/com.nxp.mcuxpresso.tools.macosx_24.12.0.202407110909/tools/bin/../lib/gcc/arm-none-eabi/13.2.1/../../../../arm-none-eabi/lib/thumb/v8-m.main/nofp/libcr_nohost_nf.a(__ciob.o)
 .debug_abbrev  0x0000417e       0x5c /Applications/MCUXpressoIDE_24.12.148/ide/plugins/com.nxp.mcuxpresso.tools.macosx_24.12.0.202407110909/tools/bin/../lib/gcc/arm-none-eabi/13.2.1/../../../../arm-none-eabi/lib/thumb/v8-m.main/nofp/libcr_nohost_nf.a(__sys_close.o)
 .debug_abbrev  0x000041da       0x5c /Applications/MCUXpressoIDE_24.12.148/ide/plugins/com.nxp.mcuxpresso.tools.macosx_24.12.0.202407110909/tools/bin/../lib/gcc/arm-none-eabi/13.2.1/../../../../arm-none-eabi/lib/thumb/v8-m.main/nofp/libcr_nohost_nf.a(__sys_flen.o)
 .debug_abbrev  0x00004236       0x5c /Applications/MCUXpressoIDE_24.12.148/ide/plugins/com.nxp.mcuxpresso.tools.macosx_24.12.0.202407110909/tools/bin/../lib/gcc/arm-none-eabi/13.2.1/../../../../arm-none-eabi/lib/thumb/v8-m.main/nofp/libcr_nohost_nf.a(__sys_istty.o)
 .debug_abbrev  0x00004292       0x7d /Applications/MCUXpressoIDE_24.12.148/ide/plugins/com.nxp.mcuxpresso.tools.macosx_24.12.0.202407110909/tools/bin/../lib/gcc/arm-none-eabi/13.2.1/../../../../arm-none-eabi/lib/thumb/v8-m.main/nofp/libcr_nohost_nf.a(__sys_remove.o)
 .debug_abbrev  0x0000430f       0x6d /Applications/MCUXpressoIDE_24.12.148/ide/plugins/com.nxp.mcuxpresso.tools.macosx_24.12.0.202407110909/tools/bin/../lib/gcc/arm-none-eabi/13.2.1/../../../../arm-none-eabi/lib/thumb/v8-m.main/nofp/libcr_nohost_nf.a(__sys_seek.o)
 .debug_abbrev  0x0000437c       0x76 /Applications/MCUXpressoIDE_24.12.148/ide/plugins/com.nxp.mcuxpresso.tools.macosx_24.12.0.202407110909/tools/bin/../lib/gcc/arm-none-eabi/13.2.1/../../../../arm-none-eabi/lib/thumb/v8-m.main/nofp/libcr_nohost_nf.a(__sys_tmpnam.o)
 .debug_abbrev  0x000043f2       0x76 /Applications/MCUXpressoIDE_24.12.148/ide/plugins/com.nxp.mcuxpresso.tools.macosx_24.12.0.202407110909/tools/bin/../lib/gcc/arm-none-eabi/13.2.1/../../../../arm-none-eabi/lib/thumb/v8-m.main/nofp/libcr_nohost_nf.a(__sys_write.o)

.debug_aranges  0x00000000     0x15d8
 .debug_aranges
                0x00000000       0xe8 ./utilities/str/fsl_str.o
 .debug_aranges
                0x000000e8       0xa8 ./utilities/debug_console/fsl_debug_console.o
 .debug_aranges
                0x00000190       0x28 ./utilities/fsl_assert.o
 .debug_aranges
                0x000001b8      0x2e0 ./startup/startup_mcxa153.o
 .debug_aranges
                0x00000498       0x30 ./source/IchigoJam_MCX.o
 .debug_aranges
                0x000004c8      0x168 ./drivers/fsl_clock.o
 .debug_aranges
                0x00000630       0xd0 ./drivers/fsl_ctimer.o
 .debug_aranges
                0x00000700       0x80 ./drivers/fsl_gpio.o
 .debug_aranges
                0x00000780      0x198 ./drivers/fsl_lpuart.o
 .debug_aranges
                0x00000918       0x30 ./drivers/fsl_reset.o
 .debug_aranges
                0x00000948       0x30 ./device/system_MCXA153.o
 .debug_aranges
                0x00000978       0x58 ./component/uart/fsl_adapter_lpuart.o
 .debug_aranges
                0x000009d0       0xa0 ./component/serial_manager/fsl_component_serial_manager.o
 .debug_aranges
                0x00000a70       0x48 ./component/serial_manager/fsl_component_serial_port_uart.o
 .debug_aranges
                0x00000ab8      0x168 ./component/gpio/fsl_adapter_gpio.o
 .debug_aranges
                0x00000c20       0x20 ./board/board.o
 .debug_aranges
                0x00000c40       0x48 ./board/clock_config.o
 .debug_aranges
                0x00000c88       0x20 ./board/peripherals.o
 .debug_aranges
                0x00000ca8       0x40 ./board/pin_mux.o
 .debug_aranges
                0x00000ce8      0x588 ./IchigoJam_BASIC/main.o
 .debug_aranges
                0x00001270       0x20 /Applications/MCUXpressoIDE_24.12.148/ide/plugins/com.nxp.mcuxpresso.tools.macosx_24.12.0.202407110909/tools/bin/../lib/gcc/arm-none-eabi/13.2.1/../../../../arm-none-eabi/lib/thumb/v8-m.main/nofp/libcr_nohost_nf.a(_cr__main.o)
 .debug_aranges
                0x00001290       0x20 /Applications/MCUXpressoIDE_24.12.148/ide/plugins/com.nxp.mcuxpresso.tools.macosx_24.12.0.202407110909/tools/bin/../lib/gcc/arm-none-eabi/13.2.1/../../../../arm-none-eabi/lib/thumb/v8-m.main/nofp/libcr_c.a(memcpy.o)
 .debug_aranges
                0x000012b0       0x20 /Applications/MCUXpressoIDE_24.12.148/ide/plugins/com.nxp.mcuxpresso.tools.macosx_24.12.0.202407110909/tools/bin/../lib/gcc/arm-none-eabi/13.2.1/../../../../arm-none-eabi/lib/thumb/v8-m.main/nofp/libcr_c.a(memset.o)
 .debug_aranges
                0x000012d0       0x40 /Applications/MCUXpressoIDE_24.12.148/ide/plugins/com.nxp.mcuxpresso.tools.macosx_24.12.0.202407110909/tools/bin/../lib/gcc/arm-none-eabi/13.2.1/../../../../arm-none-eabi/lib/thumb/v8-m.main/nofp/libcr_c.a(alloc.o)
 .debug_aranges
                0x00001310       0x18 /Applications/MCUXpressoIDE_24.12.148/ide/plugins/com.nxp.mcuxpresso.tools.macosx_24.12.0.202407110909/tools/bin/../lib/gcc/arm-none-eabi/13.2.1/../../../../arm-none-eabi/lib/thumb/v8-m.main/nofp/libcr_c.a(errno.o)
 .debug_aranges